Archive member included to satisfy reference by file (symbol)

C:/Users/arshy/.pico-sdk/toolchain/14_2_Rel1/bin/../lib/gcc/arm-none-eabi/14.2.1/thumb/v6-m/nofp\libgcc.a(_dvmd_tls.o)
                              CMakeFiles/stepper_motor_driver.dir/C_/Users/arshy/.pico-sdk/sdk/2.2.0/src/rp2_common/pico_divider/divider_hardware.S.obj (__aeabi_idiv0)
C:/Users/arshy/.pico-sdk/toolchain/14_2_Rel1/bin/../lib/gcc/arm-none-eabi/14.2.1/thumb/v6-m/nofp\libg.a(libc_a-calloc.o)
                              CMakeFiles/stepper_motor_driver.dir/C_/Users/arshy/.pico-sdk/sdk/2.2.0/src/rp2_common/pico_malloc/malloc.c.obj (calloc)
C:/Users/arshy/.pico-sdk/toolchain/14_2_Rel1/bin/../lib/gcc/arm-none-eabi/14.2.1/thumb/v6-m/nofp\libg.a(libc_a-callocr.o)
                              C:/Users/arshy/.pico-sdk/toolchain/14_2_Rel1/bin/../lib/gcc/arm-none-eabi/14.2.1/thumb/v6-m/nofp\libg.a(libc_a-calloc.o) (_calloc_r)
C:/Users/arshy/.pico-sdk/toolchain/14_2_Rel1/bin/../lib/gcc/arm-none-eabi/14.2.1/thumb/v6-m/nofp\libg.a(libc_a-malloc.o)
                              CMakeFiles/stepper_motor_driver.dir/C_/Users/arshy/.pico-sdk/sdk/2.2.0/src/rp2_common/pico_malloc/malloc.c.obj (malloc)
C:/Users/arshy/.pico-sdk/toolchain/14_2_Rel1/bin/../lib/gcc/arm-none-eabi/14.2.1/thumb/v6-m/nofp\libg.a(libc_a-mallocr.o)
                              C:/Users/arshy/.pico-sdk/toolchain/14_2_Rel1/bin/../lib/gcc/arm-none-eabi/14.2.1/thumb/v6-m/nofp\libg.a(libc_a-callocr.o) (_malloc_r)
C:/Users/arshy/.pico-sdk/toolchain/14_2_Rel1/bin/../lib/gcc/arm-none-eabi/14.2.1/thumb/v6-m/nofp\libg.a(libc_a-mlock.o)
                              C:/Users/arshy/.pico-sdk/toolchain/14_2_Rel1/bin/../lib/gcc/arm-none-eabi/14.2.1/thumb/v6-m/nofp\libg.a(libc_a-mallocr.o) (__malloc_lock)
C:/Users/arshy/.pico-sdk/toolchain/14_2_Rel1/bin/../lib/gcc/arm-none-eabi/14.2.1/thumb/v6-m/nofp\libg.a(libc_a-realloc.o)
                              CMakeFiles/stepper_motor_driver.dir/C_/Users/arshy/.pico-sdk/sdk/2.2.0/src/rp2_common/pico_malloc/malloc.c.obj (realloc)
C:/Users/arshy/.pico-sdk/toolchain/14_2_Rel1/bin/../lib/gcc/arm-none-eabi/14.2.1/thumb/v6-m/nofp\libg.a(libc_a-reallocr.o)
                              C:/Users/arshy/.pico-sdk/toolchain/14_2_Rel1/bin/../lib/gcc/arm-none-eabi/14.2.1/thumb/v6-m/nofp\libg.a(libc_a-realloc.o) (_realloc_r)
C:/Users/arshy/.pico-sdk/toolchain/14_2_Rel1/bin/../lib/gcc/arm-none-eabi/14.2.1/thumb/v6-m/nofp\libg.a(libc_a-memcmp.o)
                              CMakeFiles/stepper_motor_driver.dir/C_/Users/arshy/.pico-sdk/sdk/2.2.0/src/rp2_common/pico_atomic/atomic.c.obj (memcmp)
C:/Users/arshy/.pico-sdk/toolchain/14_2_Rel1/bin/../lib/gcc/arm-none-eabi/14.2.1/thumb/v6-m/nofp\libg.a(libc_a-memmove.o)
                              C:/Users/arshy/.pico-sdk/toolchain/14_2_Rel1/bin/../lib/gcc/arm-none-eabi/14.2.1/thumb/v6-m/nofp\libg.a(libc_a-reallocr.o) (memmove)
C:/Users/arshy/.pico-sdk/toolchain/14_2_Rel1/bin/../lib/gcc/arm-none-eabi/14.2.1/thumb/v6-m/nofp\libg.a(libc_a-lcltime_r.o)
                              CMakeFiles/stepper_motor_driver.dir/C_/Users/arshy/.pico-sdk/sdk/2.2.0/src/common/pico_util/datetime.c.obj (localtime_r)
C:/Users/arshy/.pico-sdk/toolchain/14_2_Rel1/bin/../lib/gcc/arm-none-eabi/14.2.1/thumb/v6-m/nofp\libg.a(libc_a-mktime.o)
                              CMakeFiles/stepper_motor_driver.dir/C_/Users/arshy/.pico-sdk/sdk/2.2.0/src/common/pico_util/datetime.c.obj (mktime)
C:/Users/arshy/.pico-sdk/toolchain/14_2_Rel1/bin/../lib/gcc/arm-none-eabi/14.2.1/thumb/v6-m/nofp\libg.a(libc_a-month_lengths.o)
                              C:/Users/arshy/.pico-sdk/toolchain/14_2_Rel1/bin/../lib/gcc/arm-none-eabi/14.2.1/thumb/v6-m/nofp\libg.a(libc_a-lcltime_r.o) (__month_lengths)
C:/Users/arshy/.pico-sdk/toolchain/14_2_Rel1/bin/../lib/gcc/arm-none-eabi/14.2.1/thumb/v6-m/nofp\libg.a(libc_a-tzcalc_limits.o)
                              C:/Users/arshy/.pico-sdk/toolchain/14_2_Rel1/bin/../lib/gcc/arm-none-eabi/14.2.1/thumb/v6-m/nofp\libg.a(libc_a-lcltime_r.o) (__tzcalc_limits)
C:/Users/arshy/.pico-sdk/toolchain/14_2_Rel1/bin/../lib/gcc/arm-none-eabi/14.2.1/thumb/v6-m/nofp\libg.a(libc_a-tzlock.o)
                              C:/Users/arshy/.pico-sdk/toolchain/14_2_Rel1/bin/../lib/gcc/arm-none-eabi/14.2.1/thumb/v6-m/nofp\libg.a(libc_a-lcltime_r.o) (__tz_lock)
C:/Users/arshy/.pico-sdk/toolchain/14_2_Rel1/bin/../lib/gcc/arm-none-eabi/14.2.1/thumb/v6-m/nofp\libg.a(libc_a-tzset.o)
                              C:/Users/arshy/.pico-sdk/toolchain/14_2_Rel1/bin/../lib/gcc/arm-none-eabi/14.2.1/thumb/v6-m/nofp\libg.a(libc_a-lcltime_r.o) (_tzset_unlocked)
C:/Users/arshy/.pico-sdk/toolchain/14_2_Rel1/bin/../lib/gcc/arm-none-eabi/14.2.1/thumb/v6-m/nofp\libg.a(libc_a-tzset_r.o)
                              C:/Users/arshy/.pico-sdk/toolchain/14_2_Rel1/bin/../lib/gcc/arm-none-eabi/14.2.1/thumb/v6-m/nofp\libg.a(libc_a-tzset.o) (_tzset_unlocked_r)
[...]
Memory Configuration

Name             Origin             Length             Attributes
FLASH            0x10000000         0x00200000         xr
RAM              0x20000000         0x00040000         xrw
SCRATCH_X        0x20040000         0x00001000         xrw
SCRATCH_Y        0x20041000         0x00001000         xrw
*default*        0x00000000         0xffffffff

Linker script and memory map

LOAD C:/Users/arshy/.pico-sdk/toolchain/14_2_Rel1/bin/../lib/gcc/arm-none-eabi/14.2.1/thumb/v6-m/nofp/crti.o
LOAD C:/Users/arshy/.pico-sdk/toolchain/14_2_Rel1/bin/../lib/gcc/arm-none-eabi/14.2.1/thumb/v6-m/nofp/crtbegin.o
LOAD C:/Users/arshy/.pico-sdk/toolchain/14_2_Rel1/bin/../lib/gcc/arm-none-eabi/14.2.1/thumb/v6-m/nofp/crt0.o

.flash_begin    0x10000000        0x0
                0x10000000                        __flash_binary_start = .

.boot2          0x10000000      0x100
                0x10000000                        __boot2_start__ = .
 *(.boot2)
 .boot2         0x10000000      0x100 pico-sdk/src/rp2040/boot_stage2/CMakeFiles/bs2_default_library.dir/./bs2_default_padded_checksummed.S.obj
                0x10000100                        __boot2_end__ = .
                0x00000001                        ASSERT (((__boot2_end__ - __boot2_start__) == 0x100), ERROR: Pico second stage bootloader must be 256 bytes in size)

.text           0x10000100     0x1bf8
                0x10000100                        __logical_binary_start = .
 *(.vectors)
 .vectors       0x10000100       0xd4 CMakeFiles/stepper_motor_driver.dir/C_/Users/arshy/.pico-sdk/sdk/2.2.0/src/rp2_common/pico_crt0/crt0.S.obj
                0x10000100                __VECTOR_TABLE
                0x10000100                __vectors
                0x100001c0                isr_irq13
                0x100001c0                isr_irq27
                0x100001c0                isr_irq31
                0x100001c0                isr_irq12
                0x100001c0                isr_irq5
                0x100001c0                isr_irq11
                0x100001c0                isr_irq3
                0x100001c0                isr_irq23
                0x100001c0                __unhandled_user_irq
                0x100001c0                isr_irq26
                0x100001c0                isr_irq28
                0x100001c0                isr_irq19
                0x100001c0                isr_irq0
                0x100001c0                isr_irq6
                0x100001c0                isr_irq29
                0x100001c0                isr_irq16
                0x100001c0                isr_irq22
                0x100001c0                isr_irq18
                0x100001c0                isr_irq17
                0x100001c0                isr_irq14
                0x100001c0                __vectors_end
                0x100001c0                __default_isrs_start
                0x100001c0                isr_irq2
                0x100001c0                isr_irq10
                0x100001c0                isr_irq8
                0x100001c0                isr_irq24
                0x100001c0                isr_irq1
                0x100001c0                isr_irq7
                0x100001c0                isr_irq21
                0x100001c0                isr_irq20
                0x100001c0                isr_irq15
                0x100001c0                isr_irq25
                0x100001c0                isr_irq4
                0x100001c0                isr_irq30
                0x100001c0                isr_irq9
                0x100001c6                unhandled_user_irq_num_in_r0
                0x100001c8                isr_invalid
                0x100001ca                isr_nmi
                0x100001cc                isr_hardfault
                0x100001ce                isr_svcall
                0x100001d0                isr_pendsv
                0x100001d2                isr_systick
                0x100001d4                __default_isrs_end
 *(.binary_info_header)
 .binary_info_header
                0x100001d4       0x14 CMakeFiles/stepper_motor_driver.dir/C_/Users/arshy/.pico-sdk/sdk/2.2.0/src/rp2_common/pico_crt0/crt0.S.obj
                0x100001e8                        __binary_info_header_end = .
 *(.embedded_block)
                0x100001e8                        __embedded_block_end = .
 *(.reset)
 .reset         0x100001e8       0x9c CMakeFiles/stepper_motor_driver.dir/C_/Users/arshy/.pico-sdk/sdk/2.2.0/src/rp2_common/pico_crt0/crt0.S.obj
                0x100001e8                _entry_point
 *(.init)
 .init          0x10000284        0x4 C:/Users/arshy/.pico-sdk/toolchain/14_2_Rel1/bin/../lib/gcc/arm-none-eabi/14.2.1/thumb/v6-m/nofp/crti.o
                0x10000284                _init
 *(EXCLUDE_FILE(*libm.a: *libc.a:*lib_a-mem*.o *libgcc.a:) .text*)
 .text.register_tm_clones
                0x10000288       0x28 C:/Users/arshy/.pico-sdk/toolchain/14_2_Rel1/bin/../lib/gcc/arm-none-eabi/14.2.1/thumb/v6-m/nofp/crtbegin.o
 .text.frame_dummy
                0x100002b0       0x24 C:/Users/arshy/.pico-sdk/toolchain/14_2_Rel1/bin/../lib/gcc/arm-none-eabi/14.2.1/thumb/v6-m/nofp/crtbegin.o
 .text.writeTMCRegister
                0x100002d4      0x108 CMakeFiles/stepper_motor_driver.dir/stepper_motor_driver.c.obj
                0x100002d4                writeTMCRegister
 .text.startup.main
                0x100003dc      0x134 CMakeFiles/stepper_motor_driver.dir/stepper_motor_driver.c.obj
                0x100003dc                main
 .text.gpio_set_function
                0x10000510       0x34 CMakeFiles/stepper_motor_driver.dir/C_/Users/arshy/.pico-sdk/sdk/2.2.0/src/rp2_common/hardware_gpio/gpio.c.obj
                0x10000510                gpio_set_function
 .text.gpio_init
                0x10000544       0x40 CMakeFiles/stepper_motor_driver.dir/C_/Users/arshy/.pico-sdk/sdk/2.2.0/src/rp2_common/hardware_gpio/gpio.c.obj
                0x10000544                gpio_init
 .text.panic    0x10000584       0x30 CMakeFiles/stepper_motor_driver.dir/C_/Users/arshy/.pico-sdk/sdk/2.2.0/src/rp2_common/pico_platform_panic/panic.c.obj
                0x10000584                panic
 .text.hw_claim_or_assert
                0x100005b4       0x44 CMakeFiles/stepper_motor_driver.dir/C_/Users/arshy/.pico-sdk/sdk/2.2.0/src/common/hardware_claim/claim.c.obj
                0x100005b4                hw_claim_or_assert
 .text.next_striped_spin_lock_num
                0x100005f8       0x18 CMakeFiles/stepper_motor_driver.dir/C_/Users/arshy/.pico-sdk/sdk/2.2.0/src/rp2_common/hardware_sync/sync.c.obj
                0x100005f8                next_striped_spin_lock_num
 .text.spin_locks_reset
                0x10000610       0x1c CMakeFiles/stepper_motor_driver.dir/C_/Users/arshy/.pico-sdk/sdk/2.2.0/src/rp2_common/hardware_sync_spin_lock/sync_spin_lock.c.obj
                0x10000610                spin_locks_reset
 .text.runtime_init_per_core_irq_priorities
                0x1000062c       0x24 CMakeFiles/stepper_motor_driver.dir/C_/Users/arshy/.pico-sdk/sdk/2.2.0/src/rp2_common/hardware_irq/irq.c.obj
                0x1000062c                runtime_init_per_core_irq_priorities
 .text.irq_set_enabled
                0x10000650       0x24 CMakeFiles/stepper_motor_driver.dir/C_/Users/arshy/.pico-sdk/sdk/2.2.0/src/rp2_common/hardware_irq/irq.c.obj
                0x10000650                irq_set_enabled
 .text.irq_set_exclusive_handler
                0x10000674       0x54 CMakeFiles/stepper_motor_driver.dir/C_/Users/arshy/.pico-sdk/sdk/2.2.0/src/rp2_common/hardware_irq/irq.c.obj
                0x10000674                irq_set_exclusive_handler
 .text.lock_init
                0x100006c8       0x10 CMakeFiles/stepper_motor_driver.dir/C_/Users/arshy/.pico-sdk/sdk/2.2.0/src/common/pico_sync/lock_core.c.obj
                0x100006c8                lock_init
 .text.runtime_init_mutex
                0x100006d8       0x50 CMakeFiles/stepper_motor_driver.dir/C_/Users/arshy/.pico-sdk/sdk/2.2.0/src/common/pico_sync/mutex.c.obj
                0x100006d8                runtime_init_mutex
 .text.sleep_until_callback
                0x10000728       0x30 CMakeFiles/stepper_motor_driver.dir/C_/Users/arshy/.pico-sdk/sdk/2.2.0/src/common/pico_time/time.c.obj
 .text.alarm_pool_irq_handler
                0x10000758      0x300 CMakeFiles/stepper_motor_driver.dir/C_/Users/arshy/.pico-sdk/sdk/2.2.0/src/common/pico_time/time.c.obj
 .text.runtime_init_default_alarm_pool
                0x10000a58       0xdc CMakeFiles/stepper_motor_driver.dir/C_/Users/arshy/.pico-sdk/sdk/2.2.0/src/common/pico_time/time.c.obj
                0x10000a58                runtime_init_default_alarm_pool
 .text.alarm_pool_add_alarm_at_force_in_context
                0x10000b34       0xb0 CMakeFiles/stepper_motor_driver.dir/C_/Users/arshy/.pico-sdk/sdk/2.2.0/src/common/pico_time/time.c.obj
                0x10000b34                alarm_pool_add_alarm_at_force_in_context
 .text.alarm_pool_cancel_alarm
                0x10000be4       0x74 CMakeFiles/stepper_motor_driver.dir/C_/Users/arshy/.pico-sdk/sdk/2.2.0/src/common/pico_time/time.c.obj
                0x10000be4                alarm_pool_cancel_alarm
 .text.sleep_us
                0x10000c58       0xec CMakeFiles/stepper_motor_driver.dir/C_/Users/arshy/.pico-sdk/sdk/2.2.0/src/common/pico_time/time.c.obj
                0x10000c58                sleep_us
 .text.sleep_ms
                0x10000d44       0xfc CMakeFiles/stepper_motor_driver.dir/C_/Users/arshy/.pico-sdk/sdk/2.2.0/src/common/pico_time/time.c.obj
                0x10000d44                sleep_ms
 .text.best_effort_wfe_or_timeout
                0x10000e40      0x10c CMakeFiles/stepper_motor_driver.dir/C_/Users/arshy/.pico-sdk/sdk/2.2.0/src/common/pico_time/time.c.obj
                0x10000e40                best_effort_wfe_or_timeout
 .text.timer_hardware_alarm_claim
                0x10000f4c       0x14 CMakeFiles/stepper_motor_driver.dir/C_/Users/arshy/.pico-sdk/sdk/2.2.0/src/rp2_common/hardware_timer/timer.c.obj
                0x10000f4c                timer_hardware_alarm_claim
 .text.timer_time_us_64
                0x10000f60       0x10 CMakeFiles/stepper_motor_driver.dir/C_/Users/arshy/.pico-sdk/sdk/2.2.0/src/rp2_common/hardware_timer/timer.c.obj
                0x10000f60                timer_time_us_64
 .text.time_us_64
                0x10000f70       0x14 CMakeFiles/stepper_motor_driver.dir/C_/Users/arshy/.pico-sdk/sdk/2.2.0/src/rp2_common/hardware_timer/timer.c.obj
                0x10000f70                time_us_64
 .text.busy_wait_us
                0x10000f84       0x68 CMakeFiles/stepper_motor_driver.dir/C_/Users/arshy/.pico-sdk/sdk/2.2.0/src/rp2_common/hardware_timer/timer.c.obj
                0x10000f84                busy_wait_us
 .text.busy_wait_until
                0x10000fec       0x20 CMakeFiles/stepper_motor_driver.dir/C_/Users/arshy/.pico-sdk/sdk/2.2.0/src/rp2_common/hardware_timer/timer.c.obj
                0x10000fec                busy_wait_until
 .text.uart_init
                0x1000100c      0x120 CMakeFiles/stepper_motor_driver.dir/C_/Users/arshy/.pico-sdk/sdk/2.2.0/src/rp2_common/hardware_uart/uart.c.obj
                0x1000100c                uart_init
 .text.uart_set_format
                0x1000112c       0x78 CMakeFiles/stepper_motor_driver.dir/C_/Users/arshy/.pico-sdk/sdk/2.2.0/src/rp2_common/hardware_uart/uart.c.obj
                0x1000112c                uart_set_format
 .text.clock_configure_int_divider
                0x100011a4       0xf4 CMakeFiles/stepper_motor_driver.dir/C_/Users/arshy/.pico-sdk/sdk/2.2.0/src/rp2_common/hardware_clocks/clocks.c.obj
                0x100011a4                clock_configure_int_divider
 .text.clock_configure_undivided
                0x10001298       0xe8 CMakeFiles/stepper_motor_driver.dir/C_/Users/arshy/.pico-sdk/sdk/2.2.0/src/rp2_common/hardware_clocks/clocks.c.obj
                0x10001298                clock_configure_undivided
 .text.clock_get_hz
                0x10001380        0xc CMakeFiles/stepper_motor_driver.dir/C_/Users/arshy/.pico-sdk/sdk/2.2.0/src/rp2_common/hardware_clocks/clocks.c.obj
                0x10001380                clock_get_hz
 .text.pll_init
                0x1000138c       0xa4 CMakeFiles/stepper_motor_driver.dir/C_/Users/arshy/.pico-sdk/sdk/2.2.0/src/rp2_common/hardware_pll/pll.c.obj
                0x1000138c                pll_init
 .text.tick_start
                0x10001430       0x10 CMakeFiles/stepper_motor_driver.dir/C_/Users/arshy/.pico-sdk/sdk/2.2.0/src/rp2_common/hardware_ticks/ticks.c.obj
                0x10001430                tick_start
 .text.rom_func_lookup
                0x10001440       0x10 CMakeFiles/stepper_motor_driver.dir/C_/Users/arshy/.pico-sdk/sdk/2.2.0/src/rp2_common/pico_bootrom/bootrom.c.obj
                0x10001440                rom_func_lookup
 .text.rom_data_lookup
                0x10001450       0x10 CMakeFiles/stepper_motor_driver.dir/C_/Users/arshy/.pico-sdk/sdk/2.2.0/src/rp2_common/pico_bootrom/bootrom.c.obj
                0x10001450                rom_data_lookup
 .text.rom_funcs_lookup
                0x10001460       0x44 CMakeFiles/stepper_motor_driver.dir/C_/Users/arshy/.pico-sdk/sdk/2.2.0/src/rp2_common/pico_bootrom/bootrom.c.obj
                0x10001460                rom_funcs_lookup
 .text.xosc_init
                0x100014a4       0x28 CMakeFiles/stepper_motor_driver.dir/C_/Users/arshy/.pico-sdk/sdk/2.2.0/src/rp2_common/hardware_xosc/xosc.c.obj
                0x100014a4                xosc_init
 .text.first_per_core_initializer
                0x100014cc        0x4 CMakeFiles/stepper_motor_driver.dir/C_/Users/arshy/.pico-sdk/sdk/2.2.0/src/rp2_common/pico_runtime/runtime.c.obj
 .text.hard_assertion_failure
                0x100014d0        0xc CMakeFiles/stepper_motor_driver.dir/C_/Users/arshy/.pico-sdk/sdk/2.2.0/src/rp2_common/pico_runtime/runtime.c.obj
                0x100014d0                hard_assertion_failure
 .text.runtime_run_initializers
                0x100014dc       0x28 CMakeFiles/stepper_motor_driver.dir/C_/Users/arshy/.pico-sdk/sdk/2.2.0/src/rp2_common/pico_runtime/runtime.c.obj
                0x100014dc                runtime_run_initializers
 .text.runtime_init_early_resets
                0x10001504       0x2c CMakeFiles/stepper_motor_driver.dir/C_/Users/arshy/.pico-sdk/sdk/2.2.0/src/rp2_common/pico_runtime_init/runtime_init.c.obj
                0x10001504                runtime_init_early_resets
 .text.runtime_init_usb_power_down
                0x10001530       0x1c CMakeFiles/stepper_motor_driver.dir/C_/Users/arshy/.pico-sdk/sdk/2.2.0/src/rp2_common/pico_runtime_init/runtime_init.c.obj
                0x10001530                runtime_init_usb_power_down
 .text.runtime_init_post_clock_resets
                0x1000154c       0x20 CMakeFiles/stepper_motor_driver.dir/C_/Users/arshy/.pico-sdk/sdk/2.2.0/src/rp2_common/pico_runtime_init/runtime_init.c.obj
                0x1000154c                runtime_init_post_clock_resets
 .text.runtime_init_rp2040_gpio_ie_disable
                0x1000156c       0x14 CMakeFiles/stepper_motor_driver.dir/C_/Users/arshy/.pico-sdk/sdk/2.2.0/src/rp2_common/pico_runtime_init/runtime_init.c.obj
                0x1000156c                runtime_init_rp2040_gpio_ie_disable
 .text.runtime_init_spin_locks_reset
                0x10001580        0x8 CMakeFiles/stepper_motor_driver.dir/C_/Users/arshy/.pico-sdk/sdk/2.2.0/src/rp2_common/pico_runtime_init/runtime_init.c.obj
                0x10001580                runtime_init_spin_locks_reset
 .text.runtime_init_install_ram_vector_table
                0x10001588       0xb4 CMakeFiles/stepper_motor_driver.dir/C_/Users/arshy/.pico-sdk/sdk/2.2.0/src/rp2_common/pico_runtime_init/runtime_init.c.obj
                0x10001588                runtime_init_install_ram_vector_table
 .text.runtime_init_clocks
                0x1000163c       0xd8 CMakeFiles/stepper_motor_driver.dir/C_/Users/arshy/.pico-sdk/sdk/2.2.0/src/rp2_common/pico_runtime_init/runtime_init_clocks.c.obj
                0x1000163c                runtime_init_clocks
 .text          0x10001714       0x10 CMakeFiles/stepper_motor_driver.dir/C_/Users/arshy/.pico-sdk/sdk/2.2.0/src/rp2_common/pico_bit_ops/bit_ops_aeabi.S.obj
 .text.__wrap___aeabi_uidiv
                0x10001724       0x4c CMakeFiles/stepper_motor_driver.dir/C_/Users/arshy/.pico-sdk/sdk/2.2.0/src/rp2_common/pico_divider/divider_hardware.S.obj
                0x10001724                __wrap___aeabi_uidiv
                0x10001724                __wrap___aeabi_uidivmod
                0x10001724                div_u32u32
                0x10001724                divmod_u32u32
                0x1000172c                divmod_u32u32_unsafe
                0x10001754                divmod_u32u32_savestate
 .text.__aeabi_double_init
                0x10001770       0xa4 CMakeFiles/stepper_motor_driver.dir/C_/Users/arshy/.pico-sdk/sdk/2.2.0/src/rp2_common/pico_double/double_init_rom_rp2040.c.obj
                0x10001770                __aeabi_double_init
 .text.double_table_shim_on_use_helper
                0x10001814       0x2c CMakeFiles/stepper_motor_driver.dir/C_/Users/arshy/.pico-sdk/sdk/2.2.0/src/rp2_common/pico_double/double_v1_rom_shim_rp2040.S.obj
                0x10001814                double_table_shim_on_use_helper
 .text.__aeabi_lmul
                0x10001840       0x32 CMakeFiles/stepper_motor_driver.dir/C_/Users/arshy/.pico-sdk/sdk/2.2.0/src/rp2_common/pico_int64_ops/pico_int64_ops_aeabi.S.obj
                0x10001840                __wrap___aeabi_lmul
 *fill*         0x10001872        0x2 
 .text.__aeabi_float_init
                0x10001874       0x64 CMakeFiles/stepper_motor_driver.dir/C_/Users/arshy/.pico-sdk/sdk/2.2.0/src/rp2_common/pico_float/float_init_rom_rp2040.c.obj
                0x10001874                __aeabi_float_init
 .text.float_table_shim_on_use_helper
                0x100018d8       0x2c CMakeFiles/stepper_motor_driver.dir/C_/Users/arshy/.pico-sdk/sdk/2.2.0/src/rp2_common/pico_float/float_v1_rom_shim_rp2040.S.obj
                0x100018d8                float_table_shim_on_use_helper
 .text          0x10001904       0x10 CMakeFiles/stepper_motor_driver.dir/C_/Users/arshy/.pico-sdk/sdk/2.2.0/src/rp2_common/pico_mem_ops/mem_ops_aeabi.S.obj
                0x10001904                __aeabi_mem_init
 .text.memcpy   0x10001914        0xc CMakeFiles/stepper_motor_driver.dir/C_/Users/arshy/.pico-sdk/sdk/2.2.0/src/rp2_common/pico_mem_ops/mem_ops_aeabi.S.obj
                0x10001914                __wrap_memcpy
                0x10001914                __wrap___aeabi_memcpy
 .text._out_char
                0x10001920       0x10 CMakeFiles/stepper_motor_driver.dir/C_/Users/arshy/.pico-sdk/sdk/2.2.0/src/rp2_common/pico_printf/printf.c.obj
 .text.weak_raw_vprintf
                0x10001930       0x30 CMakeFiles/stepper_motor_driver.dir/C_/Users/arshy/.pico-sdk/sdk/2.2.0/src/rp2_common/pico_printf/printf.c.obj
                0x10001930                weak_raw_vprintf
 .text._exit    0x10001960        0x4 CMakeFiles/stepper_motor_driver.dir/C_/Users/arshy/.pico-sdk/sdk/2.2.0/src/rp2_common/pico_clib_interface/newlib_interface.c.obj
                0x10001960                _exit
 .text.exit     0x10001964        0x8 CMakeFiles/stepper_motor_driver.dir/C_/Users/arshy/.pico-sdk/sdk/2.2.0/src/rp2_common/pico_clib_interface/newlib_interface.c.obj
                0x10001964                exit
 .text.runtime_init
                0x1000196c       0x2c CMakeFiles/stepper_motor_driver.dir/C_/Users/arshy/.pico-sdk/sdk/2.2.0/src/rp2_common/pico_clib_interface/newlib_interface.c.obj
                0x1000196c                runtime_init
 .text.stdio_out_chars_no_crlf
                0x10001998       0x10 CMakeFiles/stepper_motor_driver.dir/C_/Users/arshy/.pico-sdk/sdk/2.2.0/src/rp2_common/pico_stdio/stdio.c.obj
 .text.stdio_out_chars_crlf
                0x100019a8       0xb0 CMakeFiles/stepper_motor_driver.dir/C_/Users/arshy/.pico-sdk/sdk/2.2.0/src/rp2_common/pico_stdio/stdio.c.obj
 .text.stdio_put_string
                0x10001a58       0xfc CMakeFiles/stepper_motor_driver.dir/C_/Users/arshy/.pico-sdk/sdk/2.2.0/src/rp2_common/pico_stdio/stdio.c.obj
                0x10001a58                stdio_put_string
 .text.stdio_init_all
                0x10001b54        0x4 CMakeFiles/stepper_motor_driver.dir/C_/Users/arshy/.pico-sdk/sdk/2.2.0/src/rp2_common/pico_stdio/stdio.c.obj
                0x10001b54                stdio_init_all
 .text.__wrap_putchar
                0x10001b58       0x94 CMakeFiles/stepper_motor_driver.dir/C_/Users/arshy/.pico-sdk/sdk/2.2.0/src/rp2_common/pico_stdio/stdio.c.obj
                0x10001b58                __wrap_putchar
                0x10001b58                stdio_putchar
 .text.__wrap_puts
                0x10001bec       0x3c CMakeFiles/stepper_motor_driver.dir/C_/Users/arshy/.pico-sdk/sdk/2.2.0/src/rp2_common/pico_stdio/stdio.c.obj
                0x10001bec                stdio_puts
                0x10001bec                __wrap_puts
 .text.strlen   0x10001c28       0x5c C:/Users/arshy/.pico-sdk/toolchain/14_2_Rel1/bin/../lib/gcc/arm-none-eabi/14.2.1/thumb/v6-m/nofp\libg.a(libc_a-strlen-stub.o)
                0x10001c28                strlen
 *(.fini)
 .fini          0x10001c84        0x4 C:/Users/arshy/.pico-sdk/toolchain/14_2_Rel1/bin/../lib/gcc/arm-none-eabi/14.2.1/thumb/v6-m/nofp/crti.o
                0x10001c84                _fini
 .fini.__stub   0x10001c88       0x30 linker stubs
 *crtbegin.o(.ctors)
 *crtbegin?.o(.ctors)
 *(EXCLUDE_FILE(*crtend.o *crtend?.o) .ctors)
 *(SORT_BY_NAME(.ctors.*))
 *(.ctors)
 *crtbegin.o(.dtors)
 *crtbegin?.o(.dtors)
 *(EXCLUDE_FILE(*crtend.o *crtend?.o) .dtors)
 *(SORT_BY_NAME(.dtors.*))
 *(.dtors)
                0x10001cb8                        . = ALIGN (0x4)
                0x10001cb8                        PROVIDE (__preinit_array_start = .)
 *(SORT_BY_NAME(.preinit_array.*))
 .preinit_array.00100
                0x10001cb8        0x4 CMakeFiles/stepper_motor_driver.dir/C_/Users/arshy/.pico-sdk/sdk/2.2.0/src/rp2_common/pico_runtime_init/runtime_init.c.obj
                0x10001cb8                __pre_init_runtime_init_early_resets
 .preinit_array.00101
                0x10001cbc        0x4 CMakeFiles/stepper_motor_driver.dir/C_/Users/arshy/.pico-sdk/sdk/2.2.0/src/rp2_common/pico_runtime_init/runtime_init.c.obj
                0x10001cbc                __pre_init_runtime_init_usb_power_down
 .preinit_array.00275
                0x10001cc0        0x4 CMakeFiles/stepper_motor_driver.dir/C_/Users/arshy/.pico-sdk/sdk/2.2.0/src/rp2_common/pico_bit_ops/bit_ops_aeabi.S.obj
 .preinit_array.00300
                0x10001cc4        0x4 CMakeFiles/stepper_motor_driver.dir/C_/Users/arshy/.pico-sdk/sdk/2.2.0/src/rp2_common/pico_mem_ops/mem_ops_aeabi.S.obj
 .preinit_array.00350
                0x10001cc8        0x4 CMakeFiles/stepper_motor_driver.dir/C_/Users/arshy/.pico-sdk/sdk/2.2.0/src/rp2_common/pico_double/double_aeabi_rp2040.S.obj
 .preinit_array.00350
                0x10001ccc        0x4 CMakeFiles/stepper_motor_driver.dir/C_/Users/arshy/.pico-sdk/sdk/2.2.0/src/rp2_common/pico_float/float_aeabi_rp2040.S.obj
 .preinit_array.00500
                0x10001cd0        0x4 CMakeFiles/stepper_motor_driver.dir/C_/Users/arshy/.pico-sdk/sdk/2.2.0/src/rp2_common/pico_runtime_init/runtime_init.c.obj
                0x10001cd0                __pre_init_runtime_init_clocks
 .preinit_array.00600
                0x10001cd4        0x4 CMakeFiles/stepper_motor_driver.dir/C_/Users/arshy/.pico-sdk/sdk/2.2.0/src/rp2_common/pico_runtime_init/runtime_init.c.obj
                0x10001cd4                __pre_init_runtime_init_post_clock_resets
 .preinit_array.00700
                0x10001cd8        0x4 CMakeFiles/stepper_motor_driver.dir/C_/Users/arshy/.pico-sdk/sdk/2.2.0/src/rp2_common/pico_runtime_init/runtime_init.c.obj
                0x10001cd8                __pre_init_runtime_init_rp2040_gpio_ie_disable
 .preinit_array.01000
                0x10001cdc        0x4 CMakeFiles/stepper_motor_driver.dir/C_/Users/arshy/.pico-sdk/sdk/2.2.0/src/rp2_common/pico_runtime_init/runtime_init.c.obj
                0x10001cdc                __pre_init_runtime_init_spin_locks_reset
 .preinit_array.01100
                0x10001ce0        0x4 CMakeFiles/stepper_motor_driver.dir/C_/Users/arshy/.pico-sdk/sdk/2.2.0/src/common/pico_sync/mutex.c.obj
                0x10001ce0                __pre_init_runtime_init_mutex
 .preinit_array.10080
                0x10001ce4        0x4 CMakeFiles/stepper_motor_driver.dir/C_/Users/arshy/.pico-sdk/sdk/2.2.0/src/rp2_common/pico_runtime_init/runtime_init.c.obj
                0x10001ce4                __pre_init_runtime_init_install_ram_vector_table
 .preinit_array.11000
                0x10001ce8        0x4 CMakeFiles/stepper_motor_driver.dir/C_/Users/arshy/.pico-sdk/sdk/2.2.0/src/common/pico_time/time.c.obj
                0x10001ce8                __pre_init_runtime_init_default_alarm_pool
 .preinit_array.YYYYY
                0x10001cec        0x4 CMakeFiles/stepper_motor_driver.dir/C_/Users/arshy/.pico-sdk/sdk/2.2.0/src/rp2_common/pico_runtime/runtime.c.obj
                0x10001cec                __pre_init_first_per_core_initializer
 .preinit_array.ZZZZZ.01200
                0x10001cf0        0x4 CMakeFiles/stepper_motor_driver.dir/C_/Users/arshy/.pico-sdk/sdk/2.2.0/src/rp2_common/hardware_irq/irq.c.obj
                0x10001cf0                __pre_init_runtime_init_per_core_irq_priorities
 *(.preinit_array)
                0x10001cf4                        PROVIDE (__preinit_array_end = .)
                0x10001cf4                        . = ALIGN (0x4)
                0x10001cf4                        PROVIDE (__init_array_start = .)
 *(SORT_BY_NAME(.init_array.*))
 *(.init_array)
 .init_array    0x10001cf4        0x4 C:/Users/arshy/.pico-sdk/toolchain/14_2_Rel1/bin/../lib/gcc/arm-none-eabi/14.2.1/thumb/v6-m/nofp/crtbegin.o
                0x10001cf8                        PROVIDE (__init_array_end = .)
                0x10001cf8                        . = ALIGN (0x4)
                [!provide]                        PROVIDE (__fini_array_start = .)
 *(SORT_BY_NAME(.fini_array.*))
 *(.fini_array)
                [!provide]                        PROVIDE (__fini_array_end = .)
 *(.eh_frame*)
 .eh_frame      0x10001cf8        0x0 C:/Users/arshy/.pico-sdk/toolchain/14_2_Rel1/bin/../lib/gcc/arm-none-eabi/14.2.1/thumb/v6-m/nofp/crtbegin.o
                0x10001cf8                        . = ALIGN (0x4)

.glue_7         0x10001cf8        0x0
 .glue_7        0x10001cf8        0x0 linker stubs

.glue_7t        0x10001cf8        0x0
 .glue_7t       0x10001cf8        0x0 linker stubs

.vfp11_veneer   0x10001cf8        0x0
 .vfp11_veneer  0x10001cf8        0x0 linker stubs

.v4_bx          0x10001cf8        0x0
 .v4_bx         0x10001cf8        0x0 linker stubs

.iplt           0x10001cf8        0x0
 .iplt          0x10001cf8        0x0 C:/Users/arshy/.pico-sdk/toolchain/14_2_Rel1/bin/../lib/gcc/arm-none-eabi/14.2.1/thumb/v6-m/nofp/crtbegin.o

.rodata         0x10001cf8       0xf8
 *(EXCLUDE_FILE(*libm.a: *libc.a:*lib_a-mem*.o *libgcc.a:) .rodata*)
 .rodata.panic.str1.4
                0x10001cf8       0x94 CMakeFiles/stepper_motor_driver.dir/C_/Users/arshy/.pico-sdk/sdk/2.2.0/src/rp2_common/pico_platform_panic/panic.c.obj
                                 0x12 (size before relaxing)
 .rodata.timer_hardware_alarm_claim.str1.4
                0x10001d8c       0x22 CMakeFiles/stepper_motor_driver.dir/C_/Users/arshy/.pico-sdk/sdk/2.2.0/src/rp2_common/hardware_timer/timer.c.obj
 .rodata.hard_assertion_failure.str1.4
                0x10001d8c        0xc CMakeFiles/stepper_motor_driver.dir/C_/Users/arshy/.pico-sdk/sdk/2.2.0/src/rp2_common/pico_runtime/runtime.c.obj
 .rodata.str1.4
                0x10001d8c       0x50 CMakeFiles/stepper_motor_driver.dir/C_/Users/arshy/.pico-sdk/sdk/2.2.0/src/rp2_common/pico_standard_binary_info/standard_binary_info.c.obj
 .rodata.__bi_84
                0x10001d8c        0xc CMakeFiles/stepper_motor_driver.dir/C_/Users/arshy/.pico-sdk/sdk/2.2.0/src/rp2_common/pico_standard_binary_info/standard_binary_info.c.obj
 .rodata.__bi_78
                0x10001d98        0xc CMakeFiles/stepper_motor_driver.dir/C_/Users/arshy/.pico-sdk/sdk/2.2.0/src/rp2_common/pico_standard_binary_info/standard_binary_info.c.obj
 .rodata.__bi_60
                0x10001da4        0xc CMakeFiles/stepper_motor_driver.dir/C_/Users/arshy/.pico-sdk/sdk/2.2.0/src/rp2_common/pico_standard_binary_info/standard_binary_info.c.obj
 .rodata.__bi_54
                0x10001db0        0xc CMakeFiles/stepper_motor_driver.dir/C_/Users/arshy/.pico-sdk/sdk/2.2.0/src/rp2_common/pico_standard_binary_info/standard_binary_info.c.obj
 .rodata.__bi_48
                0x10001dbc        0xc CMakeFiles/stepper_motor_driver.dir/C_/Users/arshy/.pico-sdk/sdk/2.2.0/src/rp2_common/pico_standard_binary_info/standard_binary_info.c.obj
 .rodata.__bi_42
                0x10001dc8        0xc CMakeFiles/stepper_motor_driver.dir/C_/Users/arshy/.pico-sdk/sdk/2.2.0/src/rp2_common/pico_standard_binary_info/standard_binary_info.c.obj
 .rodata.__bi_34
                0x10001dd4        0xc CMakeFiles/stepper_motor_driver.dir/C_/Users/arshy/.pico-sdk/sdk/2.2.0/src/rp2_common/pico_standard_binary_info/standard_binary_info.c.obj
 .rodata.__bi_26
                0x10001de0        0xc CMakeFiles/stepper_motor_driver.dir/C_/Users/arshy/.pico-sdk/sdk/2.2.0/src/rp2_common/pico_standard_binary_info/standard_binary_info.c.obj
 .rodata.crlf_str.0
                0x10001dec        0x2 CMakeFiles/stepper_motor_driver.dir/C_/Users/arshy/.pico-sdk/sdk/2.2.0/src/rp2_common/pico_stdio/stdio.c.obj
                0x10001df0                        . = ALIGN (0x4)
 *fill*         0x10001dee        0x2 
 *(SORT_BY_ALIGNMENT(SORT_BY_NAME(.flashdata*)))
                0x10001df0                        . = ALIGN (0x4)

.ARM.extab
 *(.ARM.extab* .gnu.linkonce.armextab.*)
                0x10001df0                        __exidx_start = .

.ARM.exidx
 *(.ARM.exidx* .gnu.linkonce.armexidx.*)
                0x10001df0                        __exidx_end = .
                0x10001df0                        . = ALIGN (0x4)
                0x10001df0                        __binary_info_start = .

.binary_info    0x10001df0       0x20
 *(.binary_info.keep.*)
 .binary_info.keep.__bi_ptr84
                0x10001df0        0x4 CMakeFiles/stepper_motor_driver.dir/C_/Users/arshy/.pico-sdk/sdk/2.2.0/src/rp2_common/pico_standard_binary_info/standard_binary_info.c.obj
 .binary_info.keep.__bi_ptr78
                0x10001df4        0x4 CMakeFiles/stepper_motor_driver.dir/C_/Users/arshy/.pico-sdk/sdk/2.2.0/src/rp2_common/pico_standard_binary_info/standard_binary_info.c.obj
 .binary_info.keep.__bi_ptr60
                0x10001df8        0x4 CMakeFiles/stepper_motor_driver.dir/C_/Users/arshy/.pico-sdk/sdk/2.2.0/src/rp2_common/pico_standard_binary_info/standard_binary_info.c.obj
 .binary_info.keep.__bi_ptr54
                0x10001dfc        0x4 CMakeFiles/stepper_motor_driver.dir/C_/Users/arshy/.pico-sdk/sdk/2.2.0/src/rp2_common/pico_standard_binary_info/standard_binary_info.c.obj
 .binary_info.keep.__bi_ptr48
                0x10001e00        0x4 CMakeFiles/stepper_motor_driver.dir/C_/Users/arshy/.pico-sdk/sdk/2.2.0/src/rp2_common/pico_standard_binary_info/standard_binary_info.c.obj
 .binary_info.keep.__bi_ptr42
                0x10001e04        0x4 CMakeFiles/stepper_motor_driver.dir/C_/Users/arshy/.pico-sdk/sdk/2.2.0/src/rp2_common/pico_standard_binary_info/standard_binary_info.c.obj
 .binary_info.keep.__bi_ptr34
                0x10001e08        0x4 CMakeFiles/stepper_motor_driver.dir/C_/Users/arshy/.pico-sdk/sdk/2.2.0/src/rp2_common/pico_standard_binary_info/standard_binary_info.c.obj
 .binary_info.keep.__bi_ptr26
                0x10001e0c        0x4 CMakeFiles/stepper_motor_driver.dir/C_/Users/arshy/.pico-sdk/sdk/2.2.0/src/rp2_common/pico_standard_binary_info/standard_binary_info.c.obj
 *(.binary_info.*)
                0x10001e10                        __binary_info_end = .
                0x10001e10                        . = ALIGN (0x4)

.ram_vector_table
                0x20000000       0xc0
 *(.ram_vector_table)
 .ram_vector_table
                0x20000000       0xc0 CMakeFiles/stepper_motor_driver.dir/C_/Users/arshy/.pico-sdk/sdk/2.2.0/src/rp2_common/pico_runtime_init/runtime_init.c.obj
                0x20000000                ram_vector_table

.uninitialized_data
                0x200000c0        0x0
                0x200000c0                        . = ALIGN (0x4)
 *(.uninitialized_data*)

.data           0x200000c0      0x128 load address 0x10001e10
                0x200000c0                        __data_start__ = .
 *(vtable)
 *(.time_critical*)
 .time_critical.mutex_try_enter_block_until
                0x200000c0       0x98 CMakeFiles/stepper_motor_driver.dir/C_/Users/arshy/.pico-sdk/sdk/2.2.0/src/common/pico_sync/mutex.c.obj
                0x200000c0                mutex_try_enter_block_until
 .time_critical.mutex_exit
                0x20000158       0x28 CMakeFiles/stepper_motor_driver.dir/C_/Users/arshy/.pico-sdk/sdk/2.2.0/src/common/pico_sync/mutex.c.obj
                0x20000158                mutex_exit
 *(.text*)
 .text          0x20000180        0x4 C:/Users/arshy/.pico-sdk/toolchain/14_2_Rel1/bin/../lib/gcc/arm-none-eabi/14.2.1/thumb/v6-m/nofp\libgcc.a(_dvmd_tls.o)
                0x20000180                __aeabi_idiv0
                0x20000180                __aeabi_ldiv0
 *fill*         0x20000184        0x4 
 .text.__stub   0x20000188       0x10 linker stubs
                0x20000198                        . = ALIGN (0x4)
 *(.rodata*)
                0x20000198                        . = ALIGN (0x4)
 *(.data*)
 .data.striped_spin_lock_num
                0x20000198        0x1 CMakeFiles/stepper_motor_driver.dir/C_/Users/arshy/.pico-sdk/sdk/2.2.0/src/rp2_common/hardware_sync/sync.c.obj
 *fill*         0x20000199        0x3 
 .data.default_alarm_pool
                0x2000019c       0x18 CMakeFiles/stepper_motor_driver.dir/C_/Users/arshy/.pico-sdk/sdk/2.2.0/src/common/pico_time/time.c.obj
 *fill*         0x200001b4        0xc 
 .data.aeabi_bits_funcs
                0x200001c0       0x10 CMakeFiles/stepper_motor_driver.dir/C_/Users/arshy/.pico-sdk/sdk/2.2.0/src/rp2_common/pico_bit_ops/bit_ops_aeabi.S.obj
                0x200001c0                aeabi_bits_funcs
                0x200001d0                aeabi_bits_funcs_end
 .data.aeabi_mem_funcs
                0x200001d0       0x10 CMakeFiles/stepper_motor_driver.dir/C_/Users/arshy/.pico-sdk/sdk/2.2.0/src/rp2_common/pico_mem_ops/mem_ops_aeabi.S.obj
                0x200001d0                aeabi_mem_funcs
                0x200001e0                aeabi_mem_funcs_end
                0x200001e0                        . = ALIGN (0x4)
 *(.after_data.*)
                0x200001e0                        . = ALIGN (0x4)
                0x200001e0                        PROVIDE (__mutex_array_start = .)
 *(SORT_BY_NAME(.mutex_array.*))
 *(.mutex_array)
 .mutex_array   0x200001e0        0x8 CMakeFiles/stepper_motor_driver.dir/C_/Users/arshy/.pico-sdk/sdk/2.2.0/src/rp2_common/pico_stdio/stdio.c.obj
                0x200001e8                        PROVIDE (__mutex_array_end = .)
                0x200001e8                        . = ALIGN (0x4)
 *(.jcr)
                0x200001e8                        . = ALIGN (0x4)

.tm_clone_table
                0x200001e8        0x0 load address 0x10001f38
 .tm_clone_table
                0x200001e8        0x0 C:/Users/arshy/.pico-sdk/toolchain/14_2_Rel1/bin/../lib/gcc/arm-none-eabi/14.2.1/thumb/v6-m/nofp/crtbegin.o
 .tm_clone_table
                0x200001e8        0x0 C:/Users/arshy/.pico-sdk/toolchain/14_2_Rel1/bin/../lib/gcc/arm-none-eabi/14.2.1/thumb/v6-m/nofp/crtend.o

.igot.plt       0x200001e8        0x0 load address 0x10001f38
 .igot.plt      0x200001e8        0x0 C:/Users/arshy/.pico-sdk/toolchain/14_2_Rel1/bin/../lib/gcc/arm-none-eabi/14.2.1/thumb/v6-m/nofp/crtbegin.o

.tdata          0x200001e8        0x0 load address 0x10001f38
                0x200001e8                        . = ALIGN (0x4)
 *(.tdata .tdata.* .gnu.linkonce.td.*)
                0x200001e8                        __tdata_end = .
                0x200001e8                        PROVIDE (__data_end__ = .)
                0x10001e10                        __etext = LOADADDR (.data)

.tbss           0x200001e8        0x0 load address 0x10001f38
                0x200001e8                        . = ALIGN (0x4)
                0x200001e8                        __bss_start__ = .
                0x200001e8                        __tls_base = .
 *(.tbss .tbss.* .gnu.linkonce.tb.*)
 *(.tcommon)
                0x200001e8                        __tls_end = .

.bss            0x200001e8      0x3ec load address 0x10001f38
                0x200001e8                        . = ALIGN (0x4)
                0x200001e8                        __tbss_end = .
 *(SORT_BY_ALIGNMENT(SORT_BY_NAME(.bss*)))
 .bss.default_alarm_pool_entries
                0x200001e8      0x180 CMakeFiles/stepper_motor_driver.dir/C_/Users/arshy/.pico-sdk/sdk/2.2.0/src/common/pico_time/time.c.obj
 .bss.sd_table  0x20000368      0x100 CMakeFiles/stepper_motor_driver.dir/C_/Users/arshy/.pico-sdk/sdk/2.2.0/src/rp2_common/pico_double/double_init_rom_rp2040.c.obj
                0x20000368                sd_table
 .bss.sf_table  0x20000468      0x100 CMakeFiles/stepper_motor_driver.dir/C_/Users/arshy/.pico-sdk/sdk/2.2.0/src/rp2_common/pico_float/float_init_rom_rp2040.c.obj
                0x20000468                sf_table
 .bss.claimed   0x20000568        0x1 CMakeFiles/stepper_motor_driver.dir/C_/Users/arshy/.pico-sdk/sdk/2.2.0/src/rp2_common/hardware_timer/timer.c.obj
 *fill*         0x20000569        0x3 
 .bss.configured_freq
                0x2000056c       0x28 CMakeFiles/stepper_motor_driver.dir/C_/Users/arshy/.pico-sdk/sdk/2.2.0/src/rp2_common/hardware_clocks/clocks.c.obj
 .bss.drivers   0x20000594        0x4 CMakeFiles/stepper_motor_driver.dir/C_/Users/arshy/.pico-sdk/sdk/2.2.0/src/rp2_common/pico_stdio/stdio.c.obj
 .bss.filter    0x20000598        0x4 CMakeFiles/stepper_motor_driver.dir/C_/Users/arshy/.pico-sdk/sdk/2.2.0/src/rp2_common/pico_stdio/stdio.c.obj
 .bss.lazy_vsnprintf
                0x2000059c        0x4 CMakeFiles/stepper_motor_driver.dir/C_/Users/arshy/.pico-sdk/sdk/2.2.0/src/rp2_common/pico_printf/printf.c.obj
 .bss.object.0  0x200005a0       0x18 C:/Users/arshy/.pico-sdk/toolchain/14_2_Rel1/bin/../lib/gcc/arm-none-eabi/14.2.1/thumb/v6-m/nofp/crtbegin.o
 .bss.pools     0x200005b8       0x10 CMakeFiles/stepper_motor_driver.dir/C_/Users/arshy/.pico-sdk/sdk/2.2.0/src/common/pico_time/time.c.obj
 .bss.sf_clz_func
                0x200005c8        0x4 CMakeFiles/stepper_motor_driver.dir/C_/Users/arshy/.pico-sdk/sdk/2.2.0/src/rp2_common/pico_double/double_init_rom_rp2040.c.obj
                0x200005c8                sf_clz_func
 .bss.sleep_notifier
                0x200005cc        0x4 CMakeFiles/stepper_motor_driver.dir/C_/Users/arshy/.pico-sdk/sdk/2.2.0/src/common/pico_time/time.c.obj
 .bss.uart_char_to_line_feed
                0x200005d0        0x4 CMakeFiles/stepper_motor_driver.dir/C_/Users/arshy/.pico-sdk/sdk/2.2.0/src/rp2_common/hardware_uart/uart.c.obj
                0x200005d0                uart_char_to_line_feed
 *(COMMON)
                0x200005d4                        . = ALIGN (0x4)
                0x200005d4                        __bss_end__ = .

.heap           0x200005d4      0x800 load address 0x10001f38
                0x200005d4                        __end__ = .
                0x200005d4                        end = __end__
 *(.heap*)
 .heap          0x200005d4      0x800 CMakeFiles/stepper_motor_driver.dir/C_/Users/arshy/.pico-sdk/sdk/2.2.0/src/rp2_common/pico_crt0/crt0.S.obj
                0x20040000                        __HeapLimit = (ORIGIN (RAM) + LENGTH (RAM))

.scratch_x      0x20040000        0x0 load address 0x10001f38
                0x20040000                        __scratch_x_start__ = .
 *(.scratch_x.*)
                0x20040000                        . = ALIGN (0x4)
                0x20040000                        __scratch_x_end__ = .
                0x10001f38                        __scratch_x_source__ = LOADADDR (.scratch_x)

.scratch_y      0x20041000        0x0 load address 0x10001f38
                0x20041000                        __scratch_y_start__ = .
 *(.scratch_y.*)
                0x20041000                        . = ALIGN (0x4)
                0x20041000                        __scratch_y_end__ = .
                0x10001f38                        __scratch_y_source__ = LOADADDR (.scratch_y)

.stack1_dummy
 *(.stack1*)

.stack_dummy    0x20041000      0x800
 *(.stack*)
 .stack         0x20041000      0x800 CMakeFiles/stepper_motor_driver.dir/C_/Users/arshy/.pico-sdk/sdk/2.2.0/src/rp2_common/pico_crt0/crt0.S.obj

.rel.dyn        0x20041800        0x0
 .rel.iplt      0x20041800        0x0 C:/Users/arshy/.pico-sdk/toolchain/14_2_Rel1/bin/../lib/gcc/arm-none-eabi/14.2.1/thumb/v6-m/nofp/crtbegin.o

.flash_end      0x10001f38        0x0
 *(.embedded_end_block*)
                0x10001f38                        PROVIDE (__flash_binary_end = .)
                0x20040000                        __StackLimit = (ORIGIN (RAM) + LENGTH (RAM))
                0x20041000                        __StackOneTop = (ORIGIN (SCRATCH_X) + LENGTH (SCRATCH_X))
                0x20042000                        __StackTop = (ORIGIN (SCRATCH_Y) + LENGTH (SCRATCH_Y))
                0x20041000                        __StackOneBottom = (__StackOneTop - SIZEOF (.stack1_dummy))
                0x20041800                        __StackBottom = (__StackTop - SIZEOF (.stack_dummy))
                0x20042000                        PROVIDE (__stack = __StackTop)
                [!provide]                        PROVIDE (__heap_start = __end__)
                [!provide]                        PROVIDE (__heap_end = __HeapLimit)
                [!provide]                        PROVIDE (__tls_align = MAX (ALIGNOF (.tdata), ALIGNOF (.tbss)))
                [!provide]                        PROVIDE (__tls_size_align = (((__tls_size + __tls_align) - 0x1) & ~ ((__tls_align - 0x1))))
                [!provide]                        PROVIDE (__arm32_tls_tcb_offset = MAX (0x8, __tls_align))
                [!provide]                        PROVIDE (_end = __end__)
                [!provide]                        PROVIDE (__llvm_libc_heap_limit = __HeapLimit)
                0x00000001                        ASSERT ((__StackLimit >= __HeapLimit), region RAM overflowed)
                0x00000001                        ASSERT (((__binary_info_header_end - __logical_binary_start) <= 0x100), Binary info must be in first 256 bytes of the binary)
LOAD CMakeFiles/stepper_motor_driver.dir/stepper_motor_driver.c.obj
LOAD CMakeFiles/stepper_motor_driver.dir/C_/Users/arshy/.pico-sdk/sdk/2.2.0/src/rp2_common/pico_stdlib/stdlib.c.obj
LOAD CMakeFiles/stepper_motor_driver.dir/C_/Users/arshy/.pico-sdk/sdk/2.2.0/src/rp2_common/hardware_gpio/gpio.c.obj
LOAD CMakeFiles/stepper_motor_driver.dir/C_/Users/arshy/.pico-sdk/sdk/2.2.0/src/rp2040/pico_platform/platform.c.obj
LOAD CMakeFiles/stepper_motor_driver.dir/C_/Users/arshy/.pico-sdk/sdk/2.2.0/src/rp2_common/pico_platform_common/common.c.obj
LOAD CMakeFiles/stepper_motor_driver.dir/C_/Users/arshy/.pico-sdk/sdk/2.2.0/src/rp2_common/pico_platform_panic/panic.c.obj
LOAD CMakeFiles/stepper_motor_driver.dir/C_/Users/arshy/.pico-sdk/sdk/2.2.0/src/common/hardware_claim/claim.c.obj
LOAD CMakeFiles/stepper_motor_driver.dir/C_/Users/arshy/.pico-sdk/sdk/2.2.0/src/rp2_common/hardware_sync/sync.c.obj
LOAD CMakeFiles/stepper_motor_driver.dir/C_/Users/arshy/.pico-sdk/sdk/2.2.0/src/rp2_common/hardware_sync_spin_lock/sync_spin_lock.c.obj
LOAD CMakeFiles/stepper_motor_driver.dir/C_/Users/arshy/.pico-sdk/sdk/2.2.0/src/rp2_common/hardware_irq/irq.c.obj
LOAD CMakeFiles/stepper_motor_driver.dir/C_/Users/arshy/.pico-sdk/sdk/2.2.0/src/rp2_common/hardware_irq/irq_handler_chain.S.obj
LOAD CMakeFiles/stepper_motor_driver.dir/C_/Users/arshy/.pico-sdk/sdk/2.2.0/src/common/pico_sync/sem.c.obj
LOAD CMakeFiles/stepper_motor_driver.dir/C_/Users/arshy/.pico-sdk/sdk/2.2.0/src/common/pico_sync/lock_core.c.obj
LOAD CMakeFiles/stepper_motor_driver.dir/C_/Users/arshy/.pico-sdk/sdk/2.2.0/src/common/pico_sync/mutex.c.obj
LOAD CMakeFiles/stepper_motor_driver.dir/C_/Users/arshy/.pico-sdk/sdk/2.2.0/src/common/pico_sync/critical_section.c.obj
LOAD CMakeFiles/stepper_motor_driver.dir/C_/Users/arshy/.pico-sdk/sdk/2.2.0/src/common/pico_time/time.c.obj
LOAD CMakeFiles/stepper_motor_driver.dir/C_/Users/arshy/.pico-sdk/sdk/2.2.0/src/common/pico_time/timeout_helper.c.obj
LOAD CMakeFiles/stepper_motor_driver.dir/C_/Users/arshy/.pico-sdk/sdk/2.2.0/src/rp2_common/hardware_timer/timer.c.obj
LOAD CMakeFiles/stepper_motor_driver.dir/C_/Users/arshy/.pico-sdk/sdk/2.2.0/src/common/pico_util/datetime.c.obj
LOAD CMakeFiles/stepper_motor_driver.dir/C_/Users/arshy/.pico-sdk/sdk/2.2.0/src/common/pico_util/pheap.c.obj
LOAD CMakeFiles/stepper_motor_driver.dir/C_/Users/arshy/.pico-sdk/sdk/2.2.0/src/common/pico_util/queue.c.obj
LOAD CMakeFiles/stepper_motor_driver.dir/C_/Users/arshy/.pico-sdk/sdk/2.2.0/src/rp2_common/hardware_uart/uart.c.obj
LOAD CMakeFiles/stepper_motor_driver.dir/C_/Users/arshy/.pico-sdk/sdk/2.2.0/src/rp2_common/hardware_clocks/clocks.c.obj
LOAD CMakeFiles/stepper_motor_driver.dir/C_/Users/arshy/.pico-sdk/sdk/2.2.0/src/rp2_common/hardware_pll/pll.c.obj
LOAD CMakeFiles/stepper_motor_driver.dir/C_/Users/arshy/.pico-sdk/sdk/2.2.0/src/rp2_common/hardware_vreg/vreg.c.obj
LOAD CMakeFiles/stepper_motor_driver.dir/C_/Users/arshy/.pico-sdk/sdk/2.2.0/src/rp2_common/hardware_watchdog/watchdog.c.obj
LOAD CMakeFiles/stepper_motor_driver.dir/C_/Users/arshy/.pico-sdk/sdk/2.2.0/src/rp2_common/hardware_ticks/ticks.c.obj
LOAD CMakeFiles/stepper_motor_driver.dir/C_/Users/arshy/.pico-sdk/sdk/2.2.0/src/rp2_common/pico_bootrom/bootrom.c.obj
LOAD CMakeFiles/stepper_motor_driver.dir/C_/Users/arshy/.pico-sdk/sdk/2.2.0/src/rp2_common/pico_bootrom/bootrom_lock.c.obj
LOAD CMakeFiles/stepper_motor_driver.dir/C_/Users/arshy/.pico-sdk/sdk/2.2.0/src/rp2_common/hardware_boot_lock/boot_lock.c.obj
LOAD CMakeFiles/stepper_motor_driver.dir/C_/Users/arshy/.pico-sdk/sdk/2.2.0/src/rp2_common/pico_flash/flash.c.obj
LOAD CMakeFiles/stepper_motor_driver.dir/C_/Users/arshy/.pico-sdk/sdk/2.2.0/src/rp2_common/hardware_xosc/xosc.c.obj
LOAD CMakeFiles/stepper_motor_driver.dir/C_/Users/arshy/.pico-sdk/sdk/2.2.0/src/rp2_common/hardware_divider/divider.S.obj
LOAD CMakeFiles/stepper_motor_driver.dir/C_/Users/arshy/.pico-sdk/sdk/2.2.0/src/rp2_common/pico_runtime/runtime.c.obj
LOAD CMakeFiles/stepper_motor_driver.dir/C_/Users/arshy/.pico-sdk/sdk/2.2.0/src/rp2_common/pico_runtime_init/runtime_init.c.obj
LOAD CMakeFiles/stepper_motor_driver.dir/C_/Users/arshy/.pico-sdk/sdk/2.2.0/src/rp2_common/pico_runtime_init/runtime_init_clocks.c.obj
LOAD CMakeFiles/stepper_motor_driver.dir/C_/Users/arshy/.pico-sdk/sdk/2.2.0/src/rp2_common/pico_runtime_init/runtime_init_stack_guard.c.obj
LOAD CMakeFiles/stepper_motor_driver.dir/C_/Users/arshy/.pico-sdk/sdk/2.2.0/src/rp2_common/pico_bit_ops/bit_ops_aeabi.S.obj
LOAD CMakeFiles/stepper_motor_driver.dir/C_/Users/arshy/.pico-sdk/sdk/2.2.0/src/rp2_common/pico_divider/divider_hardware.S.obj
LOAD CMakeFiles/stepper_motor_driver.dir/C_/Users/arshy/.pico-sdk/sdk/2.2.0/src/rp2_common/pico_double/double_aeabi_rp2040.S.obj
LOAD CMakeFiles/stepper_motor_driver.dir/C_/Users/arshy/.pico-sdk/sdk/2.2.0/src/rp2_common/pico_double/double_init_rom_rp2040.c.obj
LOAD CMakeFiles/stepper_motor_driver.dir/C_/Users/arshy/.pico-sdk/sdk/2.2.0/src/rp2_common/pico_double/double_math.c.obj
LOAD CMakeFiles/stepper_motor_driver.dir/C_/Users/arshy/.pico-sdk/sdk/2.2.0/src/rp2_common/pico_double/double_v1_rom_shim_rp2040.S.obj
LOAD CMakeFiles/stepper_motor_driver.dir/C_/Users/arshy/.pico-sdk/sdk/2.2.0/src/rp2_common/pico_int64_ops/pico_int64_ops_aeabi.S.obj
LOAD CMakeFiles/stepper_motor_driver.dir/C_/Users/arshy/.pico-sdk/sdk/2.2.0/src/rp2_common/pico_float/float_aeabi_rp2040.S.obj
LOAD CMakeFiles/stepper_motor_driver.dir/C_/Users/arshy/.pico-sdk/sdk/2.2.0/src/rp2_common/pico_float/float_init_rom_rp2040.c.obj
LOAD CMakeFiles/stepper_motor_driver.dir/C_/Users/arshy/.pico-sdk/sdk/2.2.0/src/rp2_common/pico_float/float_math.c.obj
LOAD CMakeFiles/stepper_motor_driver.dir/C_/Users/arshy/.pico-sdk/sdk/2.2.0/src/rp2_common/pico_float/float_v1_rom_shim_rp2040.S.obj
LOAD CMakeFiles/stepper_motor_driver.dir/C_/Users/arshy/.pico-sdk/sdk/2.2.0/src/rp2_common/pico_malloc/malloc.c.obj
LOAD CMakeFiles/stepper_motor_driver.dir/C_/Users/arshy/.pico-sdk/sdk/2.2.0/src/rp2_common/pico_mem_ops/mem_ops_aeabi.S.obj
LOAD CMakeFiles/stepper_motor_driver.dir/C_/Users/arshy/.pico-sdk/sdk/2.2.0/src/rp2_common/pico_atomic/atomic.c.obj
LOAD CMakeFiles/stepper_motor_driver.dir/C_/Users/arshy/.pico-sdk/sdk/2.2.0/src/rp2_common/pico_cxx_options/new_delete.cpp.obj
LOAD CMakeFiles/stepper_motor_driver.dir/C_/Users/arshy/.pico-sdk/sdk/2.2.0/src/rp2_common/pico_standard_binary_info/standard_binary_info.c.obj
LOAD CMakeFiles/stepper_motor_driver.dir/C_/Users/arshy/.pico-sdk/sdk/2.2.0/src/rp2_common/pico_printf/printf.c.obj
LOAD CMakeFiles/stepper_motor_driver.dir/C_/Users/arshy/.pico-sdk/sdk/2.2.0/src/rp2_common/pico_crt0/crt0.S.obj
LOAD CMakeFiles/stepper_motor_driver.dir/C_/Users/arshy/.pico-sdk/sdk/2.2.0/src/rp2_common/pico_clib_interface/newlib_interface.c.obj
LOAD CMakeFiles/stepper_motor_driver.dir/C_/Users/arshy/.pico-sdk/sdk/2.2.0/src/rp2_common/pico_stdio/stdio.c.obj
LOAD CMakeFiles/stepper_motor_driver.dir/C_/Users/arshy/.pico-sdk/sdk/2.2.0/src/rp2_common/hardware_pio/pio.c.obj
LOAD pico-sdk/src/rp2040/boot_stage2/CMakeFiles/bs2_default_library.dir/./bs2_default_padded_checksummed.S.obj
LOAD C:/Users/arshy/.pico-sdk/toolchain/14_2_Rel1/bin/../lib/gcc/arm-none-eabi/14.2.1/thumb/v6-m/nofp\libstdc++.a
LOAD C:/Users/arshy/.pico-sdk/toolchain/14_2_Rel1/bin/../lib/gcc/arm-none-eabi/14.2.1/thumb/v6-m/nofp\libm.a
START GROUP
LOAD C:/Users/arshy/.pico-sdk/toolchain/14_2_Rel1/bin/../lib/gcc/arm-none-eabi/14.2.1/thumb/v6-m/nofp\libgcc.a
LOAD C:/Users/arshy/.pico-sdk/toolchain/14_2_Rel1/bin/../lib/gcc/arm-none-eabi/14.2.1/thumb/v6-m/nofp\libg.a
LOAD C:/Users/arshy/.pico-sdk/toolchain/14_2_Rel1/bin/../lib/gcc/arm-none-eabi/14.2.1/thumb/v6-m/nofp\libc.a
END GROUP
START GROUP
LOAD C:/Users/arshy/.pico-sdk/toolchain/14_2_Rel1/bin/../lib/gcc/arm-none-eabi/14.2.1/thumb/v6-m/nofp\libgcc.a
LOAD C:/Users/arshy/.pico-sdk/toolchain/14_2_Rel1/bin/../lib/gcc/arm-none-eabi/14.2.1/thumb/v6-m/nofp\libc.a
LOAD C:/Users/arshy/.pico-sdk/toolchain/14_2_Rel1/bin/../lib/gcc/arm-none-eabi/14.2.1/thumb/v6-m/nofp\libnosys.a
END GROUP
LOAD C:/Users/arshy/.pico-sdk/toolchain/14_2_Rel1/bin/../lib/gcc/arm-none-eabi/14.2.1/thumb/v6-m/nofp/crtend.o
LOAD C:/Users/arshy/.pico-sdk/toolchain/14_2_Rel1/bin/../lib/gcc/arm-none-eabi/14.2.1/thumb/v6-m/nofp/crtn.o
OUTPUT(stepper_motor_driver.elf elf32-littlearm)
LOAD linker stubs

.ARM.attributes
                0x00000000       0x28
 .ARM.attributes
                0x00000000       0x1e C:/Users/arshy/.pico-sdk/toolchain/14_2_Rel1/bin/../lib/gcc/arm-none-eabi/14.2.1/thumb/v6-m/nofp/crti.o
 .ARM.attributes
                0x0000001e       0x2c C:/Users/arshy/.pico-sdk/toolchain/14_2_Rel1/bin/../lib/gcc/arm-none-eabi/14.2.1/thumb/v6-m/nofp/crtbegin.o
 .ARM.attributes
                0x0000004a       0x2c CMakeFiles/stepper_motor_driver.dir/stepper_motor_driver.c.obj
 .ARM.attributes
                0x00000076       0x2c CMakeFiles/stepper_motor_driver.dir/C_/Users/arshy/.pico-sdk/sdk/2.2.0/src/rp2_common/hardware_gpio/gpio.c.obj
 .ARM.attributes
                0x000000a2       0x2c CMakeFiles/stepper_motor_driver.dir/C_/Users/arshy/.pico-sdk/sdk/2.2.0/src/rp2_common/pico_platform_panic/panic.c.obj
 .ARM.attributes
                0x000000ce       0x2c CMakeFiles/stepper_motor_driver.dir/C_/Users/arshy/.pico-sdk/sdk/2.2.0/src/common/hardware_claim/claim.c.obj
 .ARM.attributes
                0x000000fa       0x2c CMakeFiles/stepper_motor_driver.dir/C_/Users/arshy/.pico-sdk/sdk/2.2.0/src/rp2_common/hardware_sync/sync.c.obj
 .ARM.attributes
                0x00000126       0x2c CMakeFiles/stepper_motor_driver.dir/C_/Users/arshy/.pico-sdk/sdk/2.2.0/src/rp2_common/hardware_sync_spin_lock/sync_spin_lock.c.obj
 .ARM.attributes
                0x00000152       0x2c CMakeFiles/stepper_motor_driver.dir/C_/Users/arshy/.pico-sdk/sdk/2.2.0/src/rp2_common/hardware_irq/irq.c.obj
 .ARM.attributes
                0x0000017e       0x2c CMakeFiles/stepper_motor_driver.dir/C_/Users/arshy/.pico-sdk/sdk/2.2.0/src/common/pico_sync/lock_core.c.obj
 .ARM.attributes
                0x000001aa       0x2c CMakeFiles/stepper_motor_driver.dir/C_/Users/arshy/.pico-sdk/sdk/2.2.0/src/common/pico_sync/mutex.c.obj
 .ARM.attributes
                0x000001d6       0x2c CMakeFiles/stepper_motor_driver.dir/C_/Users/arshy/.pico-sdk/sdk/2.2.0/src/common/pico_time/time.c.obj
 .ARM.attributes
                0x00000202       0x2c CMakeFiles/stepper_motor_driver.dir/C_/Users/arshy/.pico-sdk/sdk/2.2.0/src/rp2_common/hardware_timer/timer.c.obj
 .ARM.attributes
                0x0000022e       0x2c CMakeFiles/stepper_motor_driver.dir/C_/Users/arshy/.pico-sdk/sdk/2.2.0/src/rp2_common/hardware_uart/uart.c.obj
 .ARM.attributes
                0x0000025a       0x2c CMakeFiles/stepper_motor_driver.dir/C_/Users/arshy/.pico-sdk/sdk/2.2.0/src/rp2_common/hardware_clocks/clocks.c.obj
 .ARM.attributes
                0x00000286       0x2c CMakeFiles/stepper_motor_driver.dir/C_/Users/arshy/.pico-sdk/sdk/2.2.0/src/rp2_common/hardware_pll/pll.c.obj
 .ARM.attributes
                0x000002b2       0x2c CMakeFiles/stepper_motor_driver.dir/C_/Users/arshy/.pico-sdk/sdk/2.2.0/src/rp2_common/hardware_ticks/ticks.c.obj
 .ARM.attributes
                0x000002de       0x2c CMakeFiles/stepper_motor_driver.dir/C_/Users/arshy/.pico-sdk/sdk/2.2.0/src/rp2_common/pico_bootrom/bootrom.c.obj
 .ARM.attributes
                0x0000030a       0x2c CMakeFiles/stepper_motor_driver.dir/C_/Users/arshy/.pico-sdk/sdk/2.2.0/src/rp2_common/hardware_xosc/xosc.c.obj
 .ARM.attributes
                0x00000336       0x2c CMakeFiles/stepper_motor_driver.dir/C_/Users/arshy/.pico-sdk/sdk/2.2.0/src/rp2_common/pico_runtime/runtime.c.obj
 .ARM.attributes
                0x00000362       0x2c CMakeFiles/stepper_motor_driver.dir/C_/Users/arshy/.pico-sdk/sdk/2.2.0/src/rp2_common/pico_runtime_init/runtime_init.c.obj
 .ARM.attributes
                0x0000038e       0x2c CMakeFiles/stepper_motor_driver.dir/C_/Users/arshy/.pico-sdk/sdk/2.2.0/src/rp2_common/pico_runtime_init/runtime_init_clocks.c.obj
 .ARM.attributes
                0x000003ba       0x22 CMakeFiles/stepper_motor_driver.dir/C_/Users/arshy/.pico-sdk/sdk/2.2.0/src/rp2_common/pico_bit_ops/bit_ops_aeabi.S.obj
 .ARM.attributes
                0x000003dc       0x22 CMakeFiles/stepper_motor_driver.dir/C_/Users/arshy/.pico-sdk/sdk/2.2.0/src/rp2_common/pico_divider/divider_hardware.S.obj
 .ARM.attributes
                0x000003fe       0x22 CMakeFiles/stepper_motor_driver.dir/C_/Users/arshy/.pico-sdk/sdk/2.2.0/src/rp2_common/pico_double/double_aeabi_rp2040.S.obj
 .ARM.attributes
                0x00000420       0x2c CMakeFiles/stepper_motor_driver.dir/C_/Users/arshy/.pico-sdk/sdk/2.2.0/src/rp2_common/pico_double/double_init_rom_rp2040.c.obj
 .ARM.attributes
                0x0000044c       0x22 CMakeFiles/stepper_motor_driver.dir/C_/Users/arshy/.pico-sdk/sdk/2.2.0/src/rp2_common/pico_double/double_v1_rom_shim_rp2040.S.obj
 .ARM.attributes
                0x0000046e       0x22 CMakeFiles/stepper_motor_driver.dir/C_/Users/arshy/.pico-sdk/sdk/2.2.0/src/rp2_common/pico_int64_ops/pico_int64_ops_aeabi.S.obj
 .ARM.attributes
                0x00000490       0x22 CMakeFiles/stepper_motor_driver.dir/C_/Users/arshy/.pico-sdk/sdk/2.2.0/src/rp2_common/pico_float/float_aeabi_rp2040.S.obj
 .ARM.attributes
                0x000004b2       0x2c CMakeFiles/stepper_motor_driver.dir/C_/Users/arshy/.pico-sdk/sdk/2.2.0/src/rp2_common/pico_float/float_init_rom_rp2040.c.obj
 .ARM.attributes
                0x000004de       0x22 CMakeFiles/stepper_motor_driver.dir/C_/Users/arshy/.pico-sdk/sdk/2.2.0/src/rp2_common/pico_float/float_v1_rom_shim_rp2040.S.obj
 .ARM.attributes
                0x00000500       0x22 CMakeFiles/stepper_motor_driver.dir/C_/Users/arshy/.pico-sdk/sdk/2.2.0/src/rp2_common/pico_mem_ops/mem_ops_aeabi.S.obj
 .ARM.attributes
                0x00000522       0x2c CMakeFiles/stepper_motor_driver.dir/C_/Users/arshy/.pico-sdk/sdk/2.2.0/src/rp2_common/pico_standard_binary_info/standard_binary_info.c.obj
 .ARM.attributes
                0x0000054e       0x2c CMakeFiles/stepper_motor_driver.dir/C_/Users/arshy/.pico-sdk/sdk/2.2.0/src/rp2_common/pico_printf/printf.c.obj
 .ARM.attributes
                0x0000057a       0x22 CMakeFiles/stepper_motor_driver.dir/C_/Users/arshy/.pico-sdk/sdk/2.2.0/src/rp2_common/pico_crt0/crt0.S.obj
 .ARM.attributes
                0x0000059c       0x2c CMakeFiles/stepper_motor_driver.dir/C_/Users/arshy/.pico-sdk/sdk/2.2.0/src/rp2_common/pico_clib_interface/newlib_interface.c.obj
 .ARM.attributes
                0x000005c8       0x2c CMakeFiles/stepper_motor_driver.dir/C_/Users/arshy/.pico-sdk/sdk/2.2.0/src/rp2_common/pico_stdio/stdio.c.obj
 .ARM.attributes
                0x000005f4       0x22 pico-sdk/src/rp2040/boot_stage2/CMakeFiles/bs2_default_library.dir/./bs2_default_padded_checksummed.S.obj
 .ARM.attributes
                0x00000616       0x1e C:/Users/arshy/.pico-sdk/toolchain/14_2_Rel1/bin/../lib/gcc/arm-none-eabi/14.2.1/thumb/v6-m/nofp\libgcc.a(_dvmd_tls.o)
 .ARM.attributes
                0x00000634       0x2c C:/Users/arshy/.pico-sdk/toolchain/14_2_Rel1/bin/../lib/gcc/arm-none-eabi/14.2.1/thumb/v6-m/nofp\libg.a(libc_a-strlen-stub.o)
 .ARM.attributes
                0x00000660       0x2c C:/Users/arshy/.pico-sdk/toolchain/14_2_Rel1/bin/../lib/gcc/arm-none-eabi/14.2.1/thumb/v6-m/nofp/crtend.o

.comment        0x00000000       0x45
 .comment       0x00000000       0x45 CMakeFiles/stepper_motor_driver.dir/stepper_motor_driver.c.obj
                                 0x46 (size before relaxing)
 .comment       0x00000045       0x46 CMakeFiles/stepper_motor_driver.dir/C_/Users/arshy/.pico-sdk/sdk/2.2.0/src/rp2_common/hardware_gpio/gpio.c.obj
 .comment       0x00000045       0x46 CMakeFiles/stepper_motor_driver.dir/C_/Users/arshy/.pico-sdk/sdk/2.2.0/src/rp2_common/pico_platform_panic/panic.c.obj
 .comment       0x00000045       0x46 CMakeFiles/stepper_motor_driver.dir/C_/Users/arshy/.pico-sdk/sdk/2.2.0/src/common/hardware_claim/claim.c.obj
 .comment       0x00000045       0x46 CMakeFiles/stepper_motor_driver.dir/C_/Users/arshy/.pico-sdk/sdk/2.2.0/src/rp2_common/hardware_sync/sync.c.obj
 .comment       0x00000045       0x46 CMakeFiles/stepper_motor_driver.dir/C_/Users/arshy/.pico-sdk/sdk/2.2.0/src/rp2_common/hardware_sync_spin_lock/sync_spin_lock.c.obj
 .comment       0x00000045       0x46 CMakeFiles/stepper_motor_driver.dir/C_/Users/arshy/.pico-sdk/sdk/2.2.0/src/rp2_common/hardware_irq/irq.c.obj
 .comment       0x00000045       0x46 CMakeFiles/stepper_motor_driver.dir/C_/Users/arshy/.pico-sdk/sdk/2.2.0/src/common/pico_sync/lock_core.c.obj
 .comment       0x00000045       0x46 CMakeFiles/stepper_motor_driver.dir/C_/Users/arshy/.pico-sdk/sdk/2.2.0/src/common/pico_sync/mutex.c.obj
 .comment       0x00000045       0x46 CMakeFiles/stepper_motor_driver.dir/C_/Users/arshy/.pico-sdk/sdk/2.2.0/src/common/pico_time/time.c.obj
 .comment       0x00000045       0x46 CMakeFiles/stepper_motor_driver.dir/C_/Users/arshy/.pico-sdk/sdk/2.2.0/src/rp2_common/hardware_timer/timer.c.obj
 .comment       0x00000045       0x46 CMakeFiles/stepper_motor_driver.dir/C_/Users/arshy/.pico-sdk/sdk/2.2.0/src/rp2_common/hardware_uart/uart.c.obj
 .comment       0x00000045       0x46 CMakeFiles/stepper_motor_driver.dir/C_/Users/arshy/.pico-sdk/sdk/2.2.0/src/rp2_common/hardware_clocks/clocks.c.obj
 .comment       0x00000045       0x46 CMakeFiles/stepper_motor_driver.dir/C_/Users/arshy/.pico-sdk/sdk/2.2.0/src/rp2_common/hardware_pll/pll.c.obj
 .comment       0x00000045       0x46 CMakeFiles/stepper_motor_driver.dir/C_/Users/arshy/.pico-sdk/sdk/2.2.0/src/rp2_common/hardware_ticks/ticks.c.obj
 .comment       0x00000045       0x46 CMakeFiles/stepper_motor_driver.dir/C_/Users/arshy/.pico-sdk/sdk/2.2.0/src/rp2_common/pico_bootrom/bootrom.c.obj
 .comment       0x00000045       0x46 CMakeFiles/stepper_motor_driver.dir/C_/Users/arshy/.pico-sdk/sdk/2.2.0/src/rp2_common/hardware_xosc/xosc.c.obj
 .comment       0x00000045       0x46 CMakeFiles/stepper_motor_driver.dir/C_/Users/arshy/.pico-sdk/sdk/2.2.0/src/rp2_common/pico_runtime/runtime.c.obj
 .comment       0x00000045       0x46 CMakeFiles/stepper_motor_driver.dir/C_/Users/arshy/.pico-sdk/sdk/2.2.0/src/rp2_common/pico_runtime_init/runtime_init.c.obj
 .comment       0x00000045       0x46 CMakeFiles/stepper_motor_driver.dir/C_/Users/arshy/.pico-sdk/sdk/2.2.0/src/rp2_common/pico_runtime_init/runtime_init_clocks.c.obj
 .comment       0x00000045       0x46 CMakeFiles/stepper_motor_driver.dir/C_/Users/arshy/.pico-sdk/sdk/2.2.0/src/rp2_common/pico_double/double_init_rom_rp2040.c.obj
 .comment       0x00000045       0x46 CMakeFiles/stepper_motor_driver.dir/C_/Users/arshy/.pico-sdk/sdk/2.2.0/src/rp2_common/pico_float/float_init_rom_rp2040.c.obj
 .comment       0x00000045       0x46 CMakeFiles/stepper_motor_driver.dir/C_/Users/arshy/.pico-sdk/sdk/2.2.0/src/rp2_common/pico_standard_binary_info/standard_binary_info.c.obj
 .comment       0x00000045       0x46 CMakeFiles/stepper_motor_driver.dir/C_/Users/arshy/.pico-sdk/sdk/2.2.0/src/rp2_common/pico_printf/printf.c.obj
 .comment       0x00000045       0x46 CMakeFiles/stepper_motor_driver.dir/C_/Users/arshy/.pico-sdk/sdk/2.2.0/src/rp2_common/pico_clib_interface/newlib_interface.c.obj
 .comment       0x00000045       0x46 CMakeFiles/stepper_motor_driver.dir/C_/Users/arshy/.pico-sdk/sdk/2.2.0/src/rp2_common/pico_stdio/stdio.c.obj

.debug_info     0x00000000    0x1d203
 .debug_info    0x00000000     0x1c10 CMakeFiles/stepper_motor_driver.dir/stepper_motor_driver.c.obj
 .debug_info    0x00001c10     0x2421 CMakeFiles/stepper_motor_driver.dir/C_/Users/arshy/.pico-sdk/sdk/2.2.0/src/rp2_common/hardware_gpio/gpio.c.obj
 .debug_info    0x00004031      0x1bf CMakeFiles/stepper_motor_driver.dir/C_/Users/arshy/.pico-sdk/sdk/2.2.0/src/rp2_common/pico_platform_panic/panic.c.obj
 .debug_info    0x000041f0      0x9a1 CMakeFiles/stepper_motor_driver.dir/C_/Users/arshy/.pico-sdk/sdk/2.2.0/src/common/hardware_claim/claim.c.obj
 .debug_info    0x00004b91      0x45c CMakeFiles/stepper_motor_driver.dir/C_/Users/arshy/.pico-sdk/sdk/2.2.0/src/rp2_common/hardware_sync/sync.c.obj
 .debug_info    0x00004fed      0x245 CMakeFiles/stepper_motor_driver.dir/C_/Users/arshy/.pico-sdk/sdk/2.2.0/src/rp2_common/hardware_sync_spin_lock/sync_spin_lock.c.obj
 .debug_info    0x00005232     0x2233 CMakeFiles/stepper_motor_driver.dir/C_/Users/arshy/.pico-sdk/sdk/2.2.0/src/rp2_common/hardware_irq/irq.c.obj
 .debug_info    0x00007465      0x15f CMakeFiles/stepper_motor_driver.dir/C_/Users/arshy/.pico-sdk/sdk/2.2.0/src/common/pico_sync/lock_core.c.obj
 .debug_info    0x000075c4     0x2815 CMakeFiles/stepper_motor_driver.dir/C_/Users/arshy/.pico-sdk/sdk/2.2.0/src/common/pico_sync/mutex.c.obj
 .debug_info    0x00009dd9     0x5065 CMakeFiles/stepper_motor_driver.dir/C_/Users/arshy/.pico-sdk/sdk/2.2.0/src/common/pico_time/time.c.obj
 .debug_info    0x0000ee3e     0x2b37 CMakeFiles/stepper_motor_driver.dir/C_/Users/arshy/.pico-sdk/sdk/2.2.0/src/rp2_common/hardware_timer/timer.c.obj
 .debug_info    0x00011975     0x1983 CMakeFiles/stepper_motor_driver.dir/C_/Users/arshy/.pico-sdk/sdk/2.2.0/src/rp2_common/hardware_uart/uart.c.obj
 .debug_info    0x000132f8     0x2a05 CMakeFiles/stepper_motor_driver.dir/C_/Users/arshy/.pico-sdk/sdk/2.2.0/src/rp2_common/hardware_clocks/clocks.c.obj
 .debug_info    0x00015cfd      0x4e5 CMakeFiles/stepper_motor_driver.dir/C_/Users/arshy/.pico-sdk/sdk/2.2.0/src/rp2_common/hardware_pll/pll.c.obj
 .debug_info    0x000161e2      0x248 CMakeFiles/stepper_motor_driver.dir/C_/Users/arshy/.pico-sdk/sdk/2.2.0/src/rp2_common/hardware_ticks/ticks.c.obj
 .debug_info    0x0001642a      0x678 CMakeFiles/stepper_motor_driver.dir/C_/Users/arshy/.pico-sdk/sdk/2.2.0/src/rp2_common/pico_bootrom/bootrom.c.obj
 .debug_info    0x00016aa2      0x1d0 CMakeFiles/stepper_motor_driver.dir/C_/Users/arshy/.pico-sdk/sdk/2.2.0/src/rp2_common/hardware_xosc/xosc.c.obj
 .debug_info    0x00016c72      0x21a CMakeFiles/stepper_motor_driver.dir/C_/Users/arshy/.pico-sdk/sdk/2.2.0/src/rp2_common/pico_runtime/runtime.c.obj
 .debug_info    0x00016e8c      0x7ea CMakeFiles/stepper_motor_driver.dir/C_/Users/arshy/.pico-sdk/sdk/2.2.0/src/rp2_common/pico_runtime_init/runtime_init.c.obj
 .debug_info    0x00017676      0x781 CMakeFiles/stepper_motor_driver.dir/C_/Users/arshy/.pico-sdk/sdk/2.2.0/src/rp2_common/pico_runtime_init/runtime_init_clocks.c.obj
 .debug_info    0x00017df7       0x23 CMakeFiles/stepper_motor_driver.dir/C_/Users/arshy/.pico-sdk/sdk/2.2.0/src/rp2_common/pico_bit_ops/bit_ops_aeabi.S.obj
 .debug_info    0x00017e1a       0x23 CMakeFiles/stepper_motor_driver.dir/C_/Users/arshy/.pico-sdk/sdk/2.2.0/src/rp2_common/pico_divider/divider_hardware.S.obj
 .debug_info    0x00017e3d       0x23 CMakeFiles/stepper_motor_driver.dir/C_/Users/arshy/.pico-sdk/sdk/2.2.0/src/rp2_common/pico_double/double_aeabi_rp2040.S.obj
 .debug_info    0x00017e60      0x27e CMakeFiles/stepper_motor_driver.dir/C_/Users/arshy/.pico-sdk/sdk/2.2.0/src/rp2_common/pico_double/double_init_rom_rp2040.c.obj
 .debug_info    0x000180de       0x23 CMakeFiles/stepper_motor_driver.dir/C_/Users/arshy/.pico-sdk/sdk/2.2.0/src/rp2_common/pico_double/double_v1_rom_shim_rp2040.S.obj
 .debug_info    0x00018101       0x24 CMakeFiles/stepper_motor_driver.dir/C_/Users/arshy/.pico-sdk/sdk/2.2.0/src/rp2_common/pico_int64_ops/pico_int64_ops_aeabi.S.obj
 .debug_info    0x00018125       0x23 CMakeFiles/stepper_motor_driver.dir/C_/Users/arshy/.pico-sdk/sdk/2.2.0/src/rp2_common/pico_float/float_aeabi_rp2040.S.obj
 .debug_info    0x00018148      0x27e CMakeFiles/stepper_motor_driver.dir/C_/Users/arshy/.pico-sdk/sdk/2.2.0/src/rp2_common/pico_float/float_init_rom_rp2040.c.obj
 .debug_info    0x000183c6       0x23 CMakeFiles/stepper_motor_driver.dir/C_/Users/arshy/.pico-sdk/sdk/2.2.0/src/rp2_common/pico_float/float_v1_rom_shim_rp2040.S.obj
 .debug_info    0x000183e9       0x23 CMakeFiles/stepper_motor_driver.dir/C_/Users/arshy/.pico-sdk/sdk/2.2.0/src/rp2_common/pico_mem_ops/mem_ops_aeabi.S.obj
 .debug_info    0x0001840c      0x2e2 CMakeFiles/stepper_motor_driver.dir/C_/Users/arshy/.pico-sdk/sdk/2.2.0/src/rp2_common/pico_standard_binary_info/standard_binary_info.c.obj
 .debug_info    0x000186ee     0x22f2 CMakeFiles/stepper_motor_driver.dir/C_/Users/arshy/.pico-sdk/sdk/2.2.0/src/rp2_common/pico_printf/printf.c.obj
 .debug_info    0x0001a9e0       0x23 CMakeFiles/stepper_motor_driver.dir/C_/Users/arshy/.pico-sdk/sdk/2.2.0/src/rp2_common/pico_crt0/crt0.S.obj
 .debug_info    0x0001aa03      0xbbe CMakeFiles/stepper_motor_driver.dir/C_/Users/arshy/.pico-sdk/sdk/2.2.0/src/rp2_common/pico_clib_interface/newlib_interface.c.obj
 .debug_info    0x0001b5c1     0x1c42 CMakeFiles/stepper_motor_driver.dir/C_/Users/arshy/.pico-sdk/sdk/2.2.0/src/rp2_common/pico_stdio/stdio.c.obj

.debug_abbrev   0x00000000     0x4f9d
 .debug_abbrev  0x00000000      0x42f CMakeFiles/stepper_motor_driver.dir/stepper_motor_driver.c.obj
 .debug_abbrev  0x0000042f      0x4f9 CMakeFiles/stepper_motor_driver.dir/C_/Users/arshy/.pico-sdk/sdk/2.2.0/src/rp2_common/hardware_gpio/gpio.c.obj
 .debug_abbrev  0x00000928      0x12b CMakeFiles/stepper_motor_driver.dir/C_/Users/arshy/.pico-sdk/sdk/2.2.0/src/rp2_common/pico_platform_panic/panic.c.obj
 .debug_abbrev  0x00000a53      0x328 CMakeFiles/stepper_motor_driver.dir/C_/Users/arshy/.pico-sdk/sdk/2.2.0/src/common/hardware_claim/claim.c.obj
 .debug_abbrev  0x00000d7b      0x20f CMakeFiles/stepper_motor_driver.dir/C_/Users/arshy/.pico-sdk/sdk/2.2.0/src/rp2_common/hardware_sync/sync.c.obj
 .debug_abbrev  0x00000f8a      0x1bb CMakeFiles/stepper_motor_driver.dir/C_/Users/arshy/.pico-sdk/sdk/2.2.0/src/rp2_common/hardware_sync_spin_lock/sync_spin_lock.c.obj
 .debug_abbrev  0x00001145      0x614 CMakeFiles/stepper_motor_driver.dir/C_/Users/arshy/.pico-sdk/sdk/2.2.0/src/rp2_common/hardware_irq/irq.c.obj
 .debug_abbrev  0x00001759       0xee CMakeFiles/stepper_motor_driver.dir/C_/Users/arshy/.pico-sdk/sdk/2.2.0/src/common/pico_sync/lock_core.c.obj
 .debug_abbrev  0x00001847      0x48c CMakeFiles/stepper_motor_driver.dir/C_/Users/arshy/.pico-sdk/sdk/2.2.0/src/common/pico_sync/mutex.c.obj
 .debug_abbrev  0x00001cd3      0x659 CMakeFiles/stepper_motor_driver.dir/C_/Users/arshy/.pico-sdk/sdk/2.2.0/src/common/pico_time/time.c.obj
 .debug_abbrev  0x0000232c      0x4f2 CMakeFiles/stepper_motor_driver.dir/C_/Users/arshy/.pico-sdk/sdk/2.2.0/src/rp2_common/hardware_timer/timer.c.obj
 .debug_abbrev  0x0000281e      0x365 CMakeFiles/stepper_motor_driver.dir/C_/Users/arshy/.pico-sdk/sdk/2.2.0/src/rp2_common/hardware_uart/uart.c.obj
 .debug_abbrev  0x00002b83      0x512 CMakeFiles/stepper_motor_driver.dir/C_/Users/arshy/.pico-sdk/sdk/2.2.0/src/rp2_common/hardware_clocks/clocks.c.obj
 .debug_abbrev  0x00003095      0x1d2 CMakeFiles/stepper_motor_driver.dir/C_/Users/arshy/.pico-sdk/sdk/2.2.0/src/rp2_common/hardware_pll/pll.c.obj
 .debug_abbrev  0x00003267      0x145 CMakeFiles/stepper_motor_driver.dir/C_/Users/arshy/.pico-sdk/sdk/2.2.0/src/rp2_common/hardware_ticks/ticks.c.obj
 .debug_abbrev  0x000033ac      0x1bc CMakeFiles/stepper_motor_driver.dir/C_/Users/arshy/.pico-sdk/sdk/2.2.0/src/rp2_common/pico_bootrom/bootrom.c.obj
 .debug_abbrev  0x00003568      0x11d CMakeFiles/stepper_motor_driver.dir/C_/Users/arshy/.pico-sdk/sdk/2.2.0/src/rp2_common/hardware_xosc/xosc.c.obj
 .debug_abbrev  0x00003685      0x182 CMakeFiles/stepper_motor_driver.dir/C_/Users/arshy/.pico-sdk/sdk/2.2.0/src/rp2_common/pico_runtime/runtime.c.obj
 .debug_abbrev  0x00003807      0x26b CMakeFiles/stepper_motor_driver.dir/C_/Users/arshy/.pico-sdk/sdk/2.2.0/src/rp2_common/pico_runtime_init/runtime_init.c.obj
 .debug_abbrev  0x00003a72      0x2af CMakeFiles/stepper_motor_driver.dir/C_/Users/arshy/.pico-sdk/sdk/2.2.0/src/rp2_common/pico_runtime_init/runtime_init_clocks.c.obj
 .debug_abbrev  0x00003d21       0x12 CMakeFiles/stepper_motor_driver.dir/C_/Users/arshy/.pico-sdk/sdk/2.2.0/src/rp2_common/pico_bit_ops/bit_ops_aeabi.S.obj
 .debug_abbrev  0x00003d33       0x12 CMakeFiles/stepper_motor_driver.dir/C_/Users/arshy/.pico-sdk/sdk/2.2.0/src/rp2_common/pico_divider/divider_hardware.S.obj
 .debug_abbrev  0x00003d45       0x12 CMakeFiles/stepper_motor_driver.dir/C_/Users/arshy/.pico-sdk/sdk/2.2.0/src/rp2_common/pico_double/double_aeabi_rp2040.S.obj
 .debug_abbrev  0x00003d57      0x17a CMakeFiles/stepper_motor_driver.dir/C_/Users/arshy/.pico-sdk/sdk/2.2.0/src/rp2_common/pico_double/double_init_rom_rp2040.c.obj
 .debug_abbrev  0x00003ed1       0x12 CMakeFiles/stepper_motor_driver.dir/C_/Users/arshy/.pico-sdk/sdk/2.2.0/src/rp2_common/pico_double/double_v1_rom_shim_rp2040.S.obj
 .debug_abbrev  0x00003ee3       0x14 CMakeFiles/stepper_motor_driver.dir/C_/Users/arshy/.pico-sdk/sdk/2.2.0/src/rp2_common/pico_int64_ops/pico_int64_ops_aeabi.S.obj
 .debug_abbrev  0x00003ef7       0x12 CMakeFiles/stepper_motor_driver.dir/C_/Users/arshy/.pico-sdk/sdk/2.2.0/src/rp2_common/pico_float/float_aeabi_rp2040.S.obj
 .debug_abbrev  0x00003f09      0x173 CMakeFiles/stepper_motor_driver.dir/C_/Users/arshy/.pico-sdk/sdk/2.2.0/src/rp2_common/pico_float/float_init_rom_rp2040.c.obj
 .debug_abbrev  0x0000407c       0x12 CMakeFiles/stepper_motor_driver.dir/C_/Users/arshy/.pico-sdk/sdk/2.2.0/src/rp2_common/pico_float/float_v1_rom_shim_rp2040.S.obj
 .debug_abbrev  0x0000408e       0x12 CMakeFiles/stepper_motor_driver.dir/C_/Users/arshy/.pico-sdk/sdk/2.2.0/src/rp2_common/pico_mem_ops/mem_ops_aeabi.S.obj
 .debug_abbrev  0x000040a0       0xb8 CMakeFiles/stepper_motor_driver.dir/C_/Users/arshy/.pico-sdk/sdk/2.2.0/src/rp2_common/pico_standard_binary_info/standard_binary_info.c.obj
 .debug_abbrev  0x00004158      0x50c CMakeFiles/stepper_motor_driver.dir/C_/Users/arshy/.pico-sdk/sdk/2.2.0/src/rp2_common/pico_printf/printf.c.obj
 .debug_abbrev  0x00004664       0x12 CMakeFiles/stepper_motor_driver.dir/C_/Users/arshy/.pico-sdk/sdk/2.2.0/src/rp2_common/pico_crt0/crt0.S.obj
 .debug_abbrev  0x00004676      0x352 CMakeFiles/stepper_motor_driver.dir/C_/Users/arshy/.pico-sdk/sdk/2.2.0/src/rp2_common/pico_clib_interface/newlib_interface.c.obj
 .debug_abbrev  0x000049c8      0x5d5 CMakeFiles/stepper_motor_driver.dir/C_/Users/arshy/.pico-sdk/sdk/2.2.0/src/rp2_common/pico_stdio/stdio.c.obj

.debug_loclists
                0x00000000    0x1158e
 .debug_loclists
                0x00000000      0xe1c CMakeFiles/stepper_motor_driver.dir/stepper_motor_driver.c.obj
 .debug_loclists
                0x00000e1c     0x1a7f CMakeFiles/stepper_motor_driver.dir/C_/Users/arshy/.pico-sdk/sdk/2.2.0/src/rp2_common/hardware_gpio/gpio.c.obj
 .debug_loclists
                0x0000289b      0x349 CMakeFiles/stepper_motor_driver.dir/C_/Users/arshy/.pico-sdk/sdk/2.2.0/src/common/hardware_claim/claim.c.obj
 .debug_loclists
                0x00002be4      0x108 CMakeFiles/stepper_motor_driver.dir/C_/Users/arshy/.pico-sdk/sdk/2.2.0/src/rp2_common/hardware_sync/sync.c.obj
 .debug_loclists
                0x00002cec       0x7d CMakeFiles/stepper_motor_driver.dir/C_/Users/arshy/.pico-sdk/sdk/2.2.0/src/rp2_common/hardware_sync_spin_lock/sync_spin_lock.c.obj
 .debug_loclists
                0x00002d69     0x11ed CMakeFiles/stepper_motor_driver.dir/C_/Users/arshy/.pico-sdk/sdk/2.2.0/src/rp2_common/hardware_irq/irq.c.obj
 .debug_loclists
                0x00003f56       0x41 CMakeFiles/stepper_motor_driver.dir/C_/Users/arshy/.pico-sdk/sdk/2.2.0/src/common/pico_sync/lock_core.c.obj
 .debug_loclists
                0x00003f97      0xaec CMakeFiles/stepper_motor_driver.dir/C_/Users/arshy/.pico-sdk/sdk/2.2.0/src/common/pico_sync/mutex.c.obj
 .debug_loclists
                0x00004a83     0x27af CMakeFiles/stepper_motor_driver.dir/C_/Users/arshy/.pico-sdk/sdk/2.2.0/src/common/pico_time/time.c.obj
 .debug_loclists
                0x00007232     0x19f1 CMakeFiles/stepper_motor_driver.dir/C_/Users/arshy/.pico-sdk/sdk/2.2.0/src/rp2_common/hardware_timer/timer.c.obj
 .debug_loclists
                0x00008c23      0xc90 CMakeFiles/stepper_motor_driver.dir/C_/Users/arshy/.pico-sdk/sdk/2.2.0/src/rp2_common/hardware_uart/uart.c.obj
 .debug_loclists
                0x000098b3     0x2b7c CMakeFiles/stepper_motor_driver.dir/C_/Users/arshy/.pico-sdk/sdk/2.2.0/src/rp2_common/hardware_clocks/clocks.c.obj
 .debug_loclists
                0x0000c42f      0x1e0 CMakeFiles/stepper_motor_driver.dir/C_/Users/arshy/.pico-sdk/sdk/2.2.0/src/rp2_common/hardware_pll/pll.c.obj
 .debug_loclists
                0x0000c60f       0x47 CMakeFiles/stepper_motor_driver.dir/C_/Users/arshy/.pico-sdk/sdk/2.2.0/src/rp2_common/hardware_ticks/ticks.c.obj
 .debug_loclists
                0x0000c656      0x351 CMakeFiles/stepper_motor_driver.dir/C_/Users/arshy/.pico-sdk/sdk/2.2.0/src/rp2_common/pico_bootrom/bootrom.c.obj
 .debug_loclists
                0x0000c9a7       0x48 CMakeFiles/stepper_motor_driver.dir/C_/Users/arshy/.pico-sdk/sdk/2.2.0/src/rp2_common/hardware_xosc/xosc.c.obj
 .debug_loclists
                0x0000c9ef       0x7e CMakeFiles/stepper_motor_driver.dir/C_/Users/arshy/.pico-sdk/sdk/2.2.0/src/rp2_common/pico_runtime/runtime.c.obj
 .debug_loclists
                0x0000ca6d      0x139 CMakeFiles/stepper_motor_driver.dir/C_/Users/arshy/.pico-sdk/sdk/2.2.0/src/rp2_common/pico_runtime_init/runtime_init.c.obj
 .debug_loclists
                0x0000cba6       0x74 CMakeFiles/stepper_motor_driver.dir/C_/Users/arshy/.pico-sdk/sdk/2.2.0/src/rp2_common/pico_runtime_init/runtime_init_clocks.c.obj
 .debug_loclists
                0x0000cc1a       0x3d CMakeFiles/stepper_motor_driver.dir/C_/Users/arshy/.pico-sdk/sdk/2.2.0/src/rp2_common/pico_double/double_init_rom_rp2040.c.obj
 .debug_loclists
                0x0000cc57       0x59 CMakeFiles/stepper_motor_driver.dir/C_/Users/arshy/.pico-sdk/sdk/2.2.0/src/rp2_common/pico_float/float_init_rom_rp2040.c.obj
 .debug_loclists
                0x0000ccb0     0x355f CMakeFiles/stepper_motor_driver.dir/C_/Users/arshy/.pico-sdk/sdk/2.2.0/src/rp2_common/pico_printf/printf.c.obj
 .debug_loclists
                0x0001020f      0x44e CMakeFiles/stepper_motor_driver.dir/C_/Users/arshy/.pico-sdk/sdk/2.2.0/src/rp2_common/pico_clib_interface/newlib_interface.c.obj
 .debug_loclists
                0x0001065d      0xf31 CMakeFiles/stepper_motor_driver.dir/C_/Users/arshy/.pico-sdk/sdk/2.2.0/src/rp2_common/pico_stdio/stdio.c.obj

.debug_aranges  0x00000000      0xed8
 .debug_aranges
                0x00000000       0x38 CMakeFiles/stepper_motor_driver.dir/stepper_motor_driver.c.obj
 .debug_aranges
                0x00000038      0x118 CMakeFiles/stepper_motor_driver.dir/C_/Users/arshy/.pico-sdk/sdk/2.2.0/src/rp2_common/hardware_gpio/gpio.c.obj
 .debug_aranges
                0x00000150       0x28 CMakeFiles/stepper_motor_driver.dir/C_/Users/arshy/.pico-sdk/sdk/2.2.0/src/rp2_common/pico_platform_panic/panic.c.obj
 .debug_aranges
                0x00000178       0x48 CMakeFiles/stepper_motor_driver.dir/C_/Users/arshy/.pico-sdk/sdk/2.2.0/src/common/hardware_claim/claim.c.obj
 .debug_aranges
                0x000001c0       0x48 CMakeFiles/stepper_motor_driver.dir/C_/Users/arshy/.pico-sdk/sdk/2.2.0/src/rp2_common/hardware_sync/sync.c.obj
 .debug_aranges
                0x00000208       0x28 CMakeFiles/stepper_motor_driver.dir/C_/Users/arshy/.pico-sdk/sdk/2.2.0/src/rp2_common/hardware_sync_spin_lock/sync_spin_lock.c.obj
 .debug_aranges
                0x00000230       0xb8 CMakeFiles/stepper_motor_driver.dir/C_/Users/arshy/.pico-sdk/sdk/2.2.0/src/rp2_common/hardware_irq/irq.c.obj
 .debug_aranges
                0x000002e8       0x20 CMakeFiles/stepper_motor_driver.dir/C_/Users/arshy/.pico-sdk/sdk/2.2.0/src/common/pico_sync/lock_core.c.obj
 .debug_aranges
                0x00000308       0x98 CMakeFiles/stepper_motor_driver.dir/C_/Users/arshy/.pico-sdk/sdk/2.2.0/src/common/pico_sync/mutex.c.obj
 .debug_aranges
                0x000003a0       0xe0 CMakeFiles/stepper_motor_driver.dir/C_/Users/arshy/.pico-sdk/sdk/2.2.0/src/common/pico_time/time.c.obj
 .debug_aranges
                0x00000480       0xf0 CMakeFiles/stepper_motor_driver.dir/C_/Users/arshy/.pico-sdk/sdk/2.2.0/src/rp2_common/hardware_timer/timer.c.obj
 .debug_aranges
                0x00000570       0x58 CMakeFiles/stepper_motor_driver.dir/C_/Users/arshy/.pico-sdk/sdk/2.2.0/src/rp2_common/hardware_uart/uart.c.obj
 .debug_aranges
                0x000005c8       0x90 CMakeFiles/stepper_motor_driver.dir/C_/Users/arshy/.pico-sdk/sdk/2.2.0/src/rp2_common/hardware_clocks/clocks.c.obj
 .debug_aranges
                0x00000658       0x28 CMakeFiles/stepper_motor_driver.dir/C_/Users/arshy/.pico-sdk/sdk/2.2.0/src/rp2_common/hardware_pll/pll.c.obj
 .debug_aranges
                0x00000680       0x30 CMakeFiles/stepper_motor_driver.dir/C_/Users/arshy/.pico-sdk/sdk/2.2.0/src/rp2_common/hardware_ticks/ticks.c.obj
 .debug_aranges
                0x000006b0       0x40 CMakeFiles/stepper_motor_driver.dir/C_/Users/arshy/.pico-sdk/sdk/2.2.0/src/rp2_common/pico_bootrom/bootrom.c.obj
 .debug_aranges
                0x000006f0       0x30 CMakeFiles/stepper_motor_driver.dir/C_/Users/arshy/.pico-sdk/sdk/2.2.0/src/rp2_common/hardware_xosc/xosc.c.obj
 .debug_aranges
                0x00000720       0x38 CMakeFiles/stepper_motor_driver.dir/C_/Users/arshy/.pico-sdk/sdk/2.2.0/src/rp2_common/pico_runtime/runtime.c.obj
 .debug_aranges
                0x00000758       0x48 CMakeFiles/stepper_motor_driver.dir/C_/Users/arshy/.pico-sdk/sdk/2.2.0/src/rp2_common/pico_runtime_init/runtime_init.c.obj
 .debug_aranges
                0x000007a0       0x20 CMakeFiles/stepper_motor_driver.dir/C_/Users/arshy/.pico-sdk/sdk/2.2.0/src/rp2_common/pico_runtime_init/runtime_init_clocks.c.obj
 .debug_aranges
                0x000007c0       0x60 CMakeFiles/stepper_motor_driver.dir/C_/Users/arshy/.pico-sdk/sdk/2.2.0/src/rp2_common/pico_bit_ops/bit_ops_aeabi.S.obj
 .debug_aranges
                0x00000820       0x40 CMakeFiles/stepper_motor_driver.dir/C_/Users/arshy/.pico-sdk/sdk/2.2.0/src/rp2_common/pico_divider/divider_hardware.S.obj
 .debug_aranges
                0x00000860      0x150 CMakeFiles/stepper_motor_driver.dir/C_/Users/arshy/.pico-sdk/sdk/2.2.0/src/rp2_common/pico_double/double_aeabi_rp2040.S.obj
 .debug_aranges
                0x000009b0       0x20 CMakeFiles/stepper_motor_driver.dir/C_/Users/arshy/.pico-sdk/sdk/2.2.0/src/rp2_common/pico_double/double_init_rom_rp2040.c.obj
 .debug_aranges
                0x000009d0       0xc8 CMakeFiles/stepper_motor_driver.dir/C_/Users/arshy/.pico-sdk/sdk/2.2.0/src/rp2_common/pico_double/double_v1_rom_shim_rp2040.S.obj
 .debug_aranges
                0x00000a98       0x20 CMakeFiles/stepper_motor_driver.dir/C_/Users/arshy/.pico-sdk/sdk/2.2.0/src/rp2_common/pico_int64_ops/pico_int64_ops_aeabi.S.obj
 .debug_aranges
                0x00000ab8      0x138 CMakeFiles/stepper_motor_driver.dir/C_/Users/arshy/.pico-sdk/sdk/2.2.0/src/rp2_common/pico_float/float_aeabi_rp2040.S.obj
 .debug_aranges
                0x00000bf0       0x20 CMakeFiles/stepper_motor_driver.dir/C_/Users/arshy/.pico-sdk/sdk/2.2.0/src/rp2_common/pico_float/float_init_rom_rp2040.c.obj
 .debug_aranges
                0x00000c10       0x50 CMakeFiles/stepper_motor_driver.dir/C_/Users/arshy/.pico-sdk/sdk/2.2.0/src/rp2_common/pico_float/float_v1_rom_shim_rp2040.S.obj
 .debug_aranges
                0x00000c60       0x38 CMakeFiles/stepper_motor_driver.dir/C_/Users/arshy/.pico-sdk/sdk/2.2.0/src/rp2_common/pico_mem_ops/mem_ops_aeabi.S.obj
 .debug_aranges
                0x00000c98       0x18 CMakeFiles/stepper_motor_driver.dir/C_/Users/arshy/.pico-sdk/sdk/2.2.0/src/rp2_common/pico_standard_binary_info/standard_binary_info.c.obj
 .debug_aranges
                0x00000cb0       0x90 CMakeFiles/stepper_motor_driver.dir/C_/Users/arshy/.pico-sdk/sdk/2.2.0/src/rp2_common/pico_printf/printf.c.obj
 .debug_aranges
                0x00000d40       0x28 CMakeFiles/stepper_motor_driver.dir/C_/Users/arshy/.pico-sdk/sdk/2.2.0/src/rp2_common/pico_crt0/crt0.S.obj
 .debug_aranges
                0x00000d68       0xa8 CMakeFiles/stepper_motor_driver.dir/C_/Users/arshy/.pico-sdk/sdk/2.2.0/src/rp2_common/pico_clib_interface/newlib_interface.c.obj
 .debug_aranges
                0x00000e10       0xc8 CMakeFiles/stepper_motor_driver.dir/C_/Users/arshy/.pico-sdk/sdk/2.2.0/src/rp2_common/pico_stdio/stdio.c.obj

.debug_rnglists
                0x00000000     0x2ebf
 .debug_rnglists
                0x00000000      0x251 CMakeFiles/stepper_motor_driver.dir/stepper_motor_driver.c.obj
 .debug_rnglists
                0x00000251      0x5ca CMakeFiles/stepper_motor_driver.dir/C_/Users/arshy/.pico-sdk/sdk/2.2.0/src/rp2_common/hardware_gpio/gpio.c.obj
 .debug_rnglists
                0x0000081b       0x19 CMakeFiles/stepper_motor_driver.dir/C_/Users/arshy/.pico-sdk/sdk/2.2.0/src/rp2_common/pico_platform_panic/panic.c.obj
 .debug_rnglists
                0x00000834       0xb6 CMakeFiles/stepper_motor_driver.dir/C_/Users/arshy/.pico-sdk/sdk/2.2.0/src/common/hardware_claim/claim.c.obj
 .debug_rnglists
                0x000008ea       0x58 CMakeFiles/stepper_motor_driver.dir/C_/Users/arshy/.pico-sdk/sdk/2.2.0/src/rp2_common/hardware_sync/sync.c.obj
 .debug_rnglists
                0x00000942       0x3d CMakeFiles/stepper_motor_driver.dir/C_/Users/arshy/.pico-sdk/sdk/2.2.0/src/rp2_common/hardware_sync_spin_lock/sync_spin_lock.c.obj
 .debug_rnglists
                0x0000097f      0x37d CMakeFiles/stepper_motor_driver.dir/C_/Users/arshy/.pico-sdk/sdk/2.2.0/src/rp2_common/hardware_irq/irq.c.obj
 .debug_rnglists
                0x00000cfc       0x1f CMakeFiles/stepper_motor_driver.dir/C_/Users/arshy/.pico-sdk/sdk/2.2.0/src/common/pico_sync/lock_core.c.obj
 .debug_rnglists
                0x00000d1b      0x325 CMakeFiles/stepper_motor_driver.dir/C_/Users/arshy/.pico-sdk/sdk/2.2.0/src/common/pico_sync/mutex.c.obj
 .debug_rnglists
                0x00001040      0x7dc CMakeFiles/stepper_motor_driver.dir/C_/Users/arshy/.pico-sdk/sdk/2.2.0/src/common/pico_time/time.c.obj
 .debug_rnglists
                0x0000181c      0x2c6 CMakeFiles/stepper_motor_driver.dir/C_/Users/arshy/.pico-sdk/sdk/2.2.0/src/rp2_common/hardware_timer/timer.c.obj
 .debug_rnglists
                0x00001ae2      0x259 CMakeFiles/stepper_motor_driver.dir/C_/Users/arshy/.pico-sdk/sdk/2.2.0/src/rp2_common/hardware_uart/uart.c.obj
 .debug_rnglists
                0x00001d3b      0x5be CMakeFiles/stepper_motor_driver.dir/C_/Users/arshy/.pico-sdk/sdk/2.2.0/src/rp2_common/hardware_clocks/clocks.c.obj
 .debug_rnglists
                0x000022f9       0x5c CMakeFiles/stepper_motor_driver.dir/C_/Users/arshy/.pico-sdk/sdk/2.2.0/src/rp2_common/hardware_pll/pll.c.obj
 .debug_rnglists
                0x00002355       0x2b CMakeFiles/stepper_motor_driver.dir/C_/Users/arshy/.pico-sdk/sdk/2.2.0/src/rp2_common/hardware_ticks/ticks.c.obj
 .debug_rnglists
                0x00002380      0x112 CMakeFiles/stepper_motor_driver.dir/C_/Users/arshy/.pico-sdk/sdk/2.2.0/src/rp2_common/pico_bootrom/bootrom.c.obj
 .debug_rnglists
                0x00002492       0x1f CMakeFiles/stepper_motor_driver.dir/C_/Users/arshy/.pico-sdk/sdk/2.2.0/src/rp2_common/hardware_xosc/xosc.c.obj
 .debug_rnglists
                0x000024b1       0x3d CMakeFiles/stepper_motor_driver.dir/C_/Users/arshy/.pico-sdk/sdk/2.2.0/src/rp2_common/pico_runtime/runtime.c.obj
 .debug_rnglists
                0x000024ee       0x4a CMakeFiles/stepper_motor_driver.dir/C_/Users/arshy/.pico-sdk/sdk/2.2.0/src/rp2_common/pico_runtime_init/runtime_init.c.obj
 .debug_rnglists
                0x00002538       0x20 CMakeFiles/stepper_motor_driver.dir/C_/Users/arshy/.pico-sdk/sdk/2.2.0/src/rp2_common/pico_runtime_init/runtime_init_clocks.c.obj
 .debug_rnglists
                0x00002558       0x43 CMakeFiles/stepper_motor_driver.dir/C_/Users/arshy/.pico-sdk/sdk/2.2.0/src/rp2_common/pico_bit_ops/bit_ops_aeabi.S.obj
 .debug_rnglists
                0x0000259b       0x2c CMakeFiles/stepper_motor_driver.dir/C_/Users/arshy/.pico-sdk/sdk/2.2.0/src/rp2_common/pico_divider/divider_hardware.S.obj
 .debug_rnglists
                0x000025c7       0xf9 CMakeFiles/stepper_motor_driver.dir/C_/Users/arshy/.pico-sdk/sdk/2.2.0/src/rp2_common/pico_double/double_aeabi_rp2040.S.obj
 .debug_rnglists
                0x000026c0       0x14 CMakeFiles/stepper_motor_driver.dir/C_/Users/arshy/.pico-sdk/sdk/2.2.0/src/rp2_common/pico_double/double_init_rom_rp2040.c.obj
 .debug_rnglists
                0x000026d4       0x99 CMakeFiles/stepper_motor_driver.dir/C_/Users/arshy/.pico-sdk/sdk/2.2.0/src/rp2_common/pico_double/double_v1_rom_shim_rp2040.S.obj
 .debug_rnglists
                0x0000276d       0xe5 CMakeFiles/stepper_motor_driver.dir/C_/Users/arshy/.pico-sdk/sdk/2.2.0/src/rp2_common/pico_float/float_aeabi_rp2040.S.obj
 .debug_rnglists
                0x00002852       0x13 CMakeFiles/stepper_motor_driver.dir/C_/Users/arshy/.pico-sdk/sdk/2.2.0/src/rp2_common/pico_float/float_init_rom_rp2040.c.obj
 .debug_rnglists
                0x00002865       0x38 CMakeFiles/stepper_motor_driver.dir/C_/Users/arshy/.pico-sdk/sdk/2.2.0/src/rp2_common/pico_float/float_v1_rom_shim_rp2040.S.obj
 .debug_rnglists
                0x0000289d       0x25 CMakeFiles/stepper_motor_driver.dir/C_/Users/arshy/.pico-sdk/sdk/2.2.0/src/rp2_common/pico_mem_ops/mem_ops_aeabi.S.obj
 .debug_rnglists
                0x000028c2      0x2a2 CMakeFiles/stepper_motor_driver.dir/C_/Users/arshy/.pico-sdk/sdk/2.2.0/src/rp2_common/pico_printf/printf.c.obj
 .debug_rnglists
                0x00002b64       0x1b CMakeFiles/stepper_motor_driver.dir/C_/Users/arshy/.pico-sdk/sdk/2.2.0/src/rp2_common/pico_crt0/crt0.S.obj
 .debug_rnglists
                0x00002b7f       0x85 CMakeFiles/stepper_motor_driver.dir/C_/Users/arshy/.pico-sdk/sdk/2.2.0/src/rp2_common/pico_clib_interface/newlib_interface.c.obj
 .debug_rnglists
                0x00002c04      0x2bb CMakeFiles/stepper_motor_driver.dir/C_/Users/arshy/.pico-sdk/sdk/2.2.0/src/rp2_common/pico_stdio/stdio.c.obj

.debug_line     0x00000000    0x176db
 .debug_line    0x00000000     0x11d9 CMakeFiles/stepper_motor_driver.dir/stepper_motor_driver.c.obj
 .debug_line    0x000011d9     0x1c78 CMakeFiles/stepper_motor_driver.dir/C_/Users/arshy/.pico-sdk/sdk/2.2.0/src/rp2_common/hardware_gpio/gpio.c.obj
 .debug_line    0x00002e51      0x28a CMakeFiles/stepper_motor_driver.dir/C_/Users/arshy/.pico-sdk/sdk/2.2.0/src/rp2_common/pico_platform_panic/panic.c.obj
 .debug_line    0x000030db      0x906 CMakeFiles/stepper_motor_driver.dir/C_/Users/arshy/.pico-sdk/sdk/2.2.0/src/common/hardware_claim/claim.c.obj
 .debug_line    0x000039e1      0x4d8 CMakeFiles/stepper_motor_driver.dir/C_/Users/arshy/.pico-sdk/sdk/2.2.0/src/rp2_common/hardware_sync/sync.c.obj
 .debug_line    0x00003eb9      0x3ba CMakeFiles/stepper_motor_driver.dir/C_/Users/arshy/.pico-sdk/sdk/2.2.0/src/rp2_common/hardware_sync_spin_lock/sync_spin_lock.c.obj
 .debug_line    0x00004273     0x17df CMakeFiles/stepper_motor_driver.dir/C_/Users/arshy/.pico-sdk/sdk/2.2.0/src/rp2_common/hardware_irq/irq.c.obj
 .debug_line    0x00005a52      0x2e5 CMakeFiles/stepper_motor_driver.dir/C_/Users/arshy/.pico-sdk/sdk/2.2.0/src/common/pico_sync/lock_core.c.obj
 .debug_line    0x00005d37     0x1bac CMakeFiles/stepper_motor_driver.dir/C_/Users/arshy/.pico-sdk/sdk/2.2.0/src/common/pico_sync/mutex.c.obj
 .debug_line    0x000078e3     0x35aa CMakeFiles/stepper_motor_driver.dir/C_/Users/arshy/.pico-sdk/sdk/2.2.0/src/common/pico_time/time.c.obj
 .debug_line    0x0000ae8d     0x1d81 CMakeFiles/stepper_motor_driver.dir/C_/Users/arshy/.pico-sdk/sdk/2.2.0/src/rp2_common/hardware_timer/timer.c.obj
 .debug_line    0x0000cc0e      0xfba CMakeFiles/stepper_motor_driver.dir/C_/Users/arshy/.pico-sdk/sdk/2.2.0/src/rp2_common/hardware_uart/uart.c.obj
 .debug_line    0x0000dbc8     0x216a CMakeFiles/stepper_motor_driver.dir/C_/Users/arshy/.pico-sdk/sdk/2.2.0/src/rp2_common/hardware_clocks/clocks.c.obj
 .debug_line    0x0000fd32      0x514 CMakeFiles/stepper_motor_driver.dir/C_/Users/arshy/.pico-sdk/sdk/2.2.0/src/rp2_common/hardware_pll/pll.c.obj
 .debug_line    0x00010246      0x344 CMakeFiles/stepper_motor_driver.dir/C_/Users/arshy/.pico-sdk/sdk/2.2.0/src/rp2_common/hardware_ticks/ticks.c.obj
 .debug_line    0x0001058a      0x460 CMakeFiles/stepper_motor_driver.dir/C_/Users/arshy/.pico-sdk/sdk/2.2.0/src/rp2_common/pico_bootrom/bootrom.c.obj
 .debug_line    0x000109ea      0x35f CMakeFiles/stepper_motor_driver.dir/C_/Users/arshy/.pico-sdk/sdk/2.2.0/src/rp2_common/hardware_xosc/xosc.c.obj
 .debug_line    0x00010d49      0x319 CMakeFiles/stepper_motor_driver.dir/C_/Users/arshy/.pico-sdk/sdk/2.2.0/src/rp2_common/pico_runtime/runtime.c.obj
 .debug_line    0x00011062      0x6f0 CMakeFiles/stepper_motor_driver.dir/C_/Users/arshy/.pico-sdk/sdk/2.2.0/src/rp2_common/pico_runtime_init/runtime_init.c.obj
 .debug_line    0x00011752      0x57b CMakeFiles/stepper_motor_driver.dir/C_/Users/arshy/.pico-sdk/sdk/2.2.0/src/rp2_common/pico_runtime_init/runtime_init_clocks.c.obj
 .debug_line    0x00011ccd      0x108 CMakeFiles/stepper_motor_driver.dir/C_/Users/arshy/.pico-sdk/sdk/2.2.0/src/rp2_common/pico_bit_ops/bit_ops_aeabi.S.obj
 .debug_line    0x00011dd5      0x2a9 CMakeFiles/stepper_motor_driver.dir/C_/Users/arshy/.pico-sdk/sdk/2.2.0/src/rp2_common/pico_divider/divider_hardware.S.obj
 .debug_line    0x0001207e      0x452 CMakeFiles/stepper_motor_driver.dir/C_/Users/arshy/.pico-sdk/sdk/2.2.0/src/rp2_common/pico_double/double_aeabi_rp2040.S.obj
 .debug_line    0x000124d0      0x49c CMakeFiles/stepper_motor_driver.dir/C_/Users/arshy/.pico-sdk/sdk/2.2.0/src/rp2_common/pico_double/double_init_rom_rp2040.c.obj
 .debug_line    0x0001296c      0x66d CMakeFiles/stepper_motor_driver.dir/C_/Users/arshy/.pico-sdk/sdk/2.2.0/src/rp2_common/pico_double/double_v1_rom_shim_rp2040.S.obj
 .debug_line    0x00012fd9       0x61 CMakeFiles/stepper_motor_driver.dir/C_/Users/arshy/.pico-sdk/sdk/2.2.0/src/rp2_common/pico_int64_ops/pico_int64_ops_aeabi.S.obj
 .debug_line    0x0001303a      0x3d2 CMakeFiles/stepper_motor_driver.dir/C_/Users/arshy/.pico-sdk/sdk/2.2.0/src/rp2_common/pico_float/float_aeabi_rp2040.S.obj
 .debug_line    0x0001340c      0x3b1 CMakeFiles/stepper_motor_driver.dir/C_/Users/arshy/.pico-sdk/sdk/2.2.0/src/rp2_common/pico_float/float_init_rom_rp2040.c.obj
 .debug_line    0x000137bd      0x195 CMakeFiles/stepper_motor_driver.dir/C_/Users/arshy/.pico-sdk/sdk/2.2.0/src/rp2_common/pico_float/float_v1_rom_shim_rp2040.S.obj
 .debug_line    0x00013952       0x94 CMakeFiles/stepper_motor_driver.dir/C_/Users/arshy/.pico-sdk/sdk/2.2.0/src/rp2_common/pico_mem_ops/mem_ops_aeabi.S.obj
 .debug_line    0x000139e6      0x1f5 CMakeFiles/stepper_motor_driver.dir/C_/Users/arshy/.pico-sdk/sdk/2.2.0/src/rp2_common/pico_standard_binary_info/standard_binary_info.c.obj
 .debug_line    0x00013bdb     0x1d18 CMakeFiles/stepper_motor_driver.dir/C_/Users/arshy/.pico-sdk/sdk/2.2.0/src/rp2_common/pico_printf/printf.c.obj
 .debug_line    0x000158f3       0xa2 CMakeFiles/stepper_motor_driver.dir/C_/Users/arshy/.pico-sdk/sdk/2.2.0/src/rp2_common/pico_crt0/crt0.S.obj
 .debug_line    0x00015995      0x8ec CMakeFiles/stepper_motor_driver.dir/C_/Users/arshy/.pico-sdk/sdk/2.2.0/src/rp2_common/pico_clib_interface/newlib_interface.c.obj
 .debug_line    0x00016281     0x145a CMakeFiles/stepper_motor_driver.dir/C_/Users/arshy/.pico-sdk/sdk/2.2.0/src/rp2_common/pico_stdio/stdio.c.obj

.debug_str      0x00000000     0x482f
 .debug_str     0x00000000     0x482f CMakeFiles/stepper_motor_driver.dir/stepper_motor_driver.c.obj
                                0xb95 (size before relaxing)
 .debug_str     0x0000482f      0xcdd CMakeFiles/stepper_motor_driver.dir/C_/Users/arshy/.pico-sdk/sdk/2.2.0/src/rp2_common/hardware_gpio/gpio.c.obj